Archive member included to satisfy reference by file (symbol)

d:/software_use/mounriverstudio/mounriver_studio/toolchain/risc-v embedded gcc/bin/../lib/gcc/riscv-none-embed/8.2.0/../../../../riscv-none-embed/lib/rv32imafc/ilp32f\libm.a(lib_a-s_cos.o)
                              ./zf_device/zf_device_gnss.o (cos)
d:/software_use/mounriverstudio/mounriver_studio/toolchain/risc-v embedded gcc/bin/../lib/gcc/riscv-none-embed/8.2.0/../../../../riscv-none-embed/lib/rv32imafc/ilp32f\libm.a(lib_a-s_sin.o)
                              ./zf_device/zf_device_gnss.o (sin)
d:/software_use/mounriverstudio/mounriver_studio/toolchain/risc-v embedded gcc/bin/../lib/gcc/riscv-none-embed/8.2.0/../../../../riscv-none-embed/lib/rv32imafc/ilp32f\libm.a(lib_a-sf_cos.o)
                              ./code/Motor.o (cosf)
d:/software_use/mounriverstudio/mounriver_studio/toolchain/risc-v embedded gcc/bin/../lib/gcc/riscv-none-embed/8.2.0/../../../../riscv-none-embed/lib/rv32imafc/ilp32f\libm.a(lib_a-sf_fmax.o)
                              ./code/Motor.o (fmaxf)
d:/software_use/mounriverstudio/mounriver_studio/toolchain/risc-v embedded gcc/bin/../lib/gcc/riscv-none-embed/8.2.0/../../../../riscv-none-embed/lib/rv32imafc/ilp32f\libm.a(lib_a-sf_fmin.o)
                              ./code/Motor.o (fminf)
d:/software_use/mounriverstudio/mounriver_studio/toolchain/risc-v embedded gcc/bin/../lib/gcc/riscv-none-embed/8.2.0/../../../../riscv-none-embed/lib/rv32imafc/ilp32f\libm.a(lib_a-sf_fpclassify.o)
                              d:/software_use/mounriverstudio/mounriver_studio/toolchain/risc-v embedded gcc/bin/../lib/gcc/riscv-none-embed/8.2.0/../../../../riscv-none-embed/lib/rv32imafc/ilp32f\libm.a(lib_a-sf_fmax.o) (__fpclassifyf)
d:/software_use/mounriverstudio/mounriver_studio/toolchain/risc-v embedded gcc/bin/../lib/gcc/riscv-none-embed/8.2.0/../../../../riscv-none-embed/lib/rv32imafc/ilp32f\libm.a(lib_a-sf_sin.o)
                              ./code/Motor.o (sinf)
d:/software_use/mounriverstudio/mounriver_studio/toolchain/risc-v embedded gcc/bin/../lib/gcc/riscv-none-embed/8.2.0/../../../../riscv-none-embed/lib/rv32imafc/ilp32f\libm.a(lib_a-w_asin.o)
                              ./zf_device/zf_device_gnss.o (asin)
d:/software_use/mounriverstudio/mounriver_studio/toolchain/risc-v embedded gcc/bin/../lib/gcc/riscv-none-embed/8.2.0/../../../../riscv-none-embed/lib/rv32imafc/ilp32f\libm.a(lib_a-w_atan2.o)
                              ./zf_device/zf_device_gnss.o (atan2)
d:/software_use/mounriverstudio/mounriver_studio/toolchain/risc-v embedded gcc/bin/../lib/gcc/riscv-none-embed/8.2.0/../../../../riscv-none-embed/lib/rv32imafc/ilp32f\libm.a(lib_a-w_fmod.o)
                              ./code/FOC.o (fmod)
d:/software_use/mounriverstudio/mounriver_studio/toolchain/risc-v embedded gcc/bin/../lib/gcc/riscv-none-embed/8.2.0/../../../../riscv-none-embed/lib/rv32imafc/ilp32f\libm.a(lib_a-w_pow.o)
                              ./zf_device/zf_device_gnss.o (pow)
d:/software_use/mounriverstudio/mounriver_studio/toolchain/risc-v embedded gcc/bin/../lib/gcc/riscv-none-embed/8.2.0/../../../../riscv-none-embed/lib/rv32imafc/ilp32f\libm.a(lib_a-w_sqrt.o)
                              ./zf_device/zf_device_gnss.o (sqrt)
d:/software_use/mounriverstudio/mounriver_studio/toolchain/risc-v embedded gcc/bin/../lib/gcc/riscv-none-embed/8.2.0/../../../../riscv-none-embed/lib/rv32imafc/ilp32f\libm.a(lib_a-e_asin.o)
                              d:/software_use/mounriverstudio/mounriver_studio/toolchain/risc-v embedded gcc/bin/../lib/gcc/riscv-none-embed/8.2.0/../../../../riscv-none-embed/lib/rv32imafc/ilp32f\libm.a(lib_a-w_asin.o) (__ieee754_asin)
d:/software_use/mounriverstudio/mounriver_studio/toolchain/risc-v embedded gcc/bin/../lib/gcc/riscv-none-embed/8.2.0/../../../../riscv-none-embed/lib/rv32imafc/ilp32f\libm.a(lib_a-e_atan2.o)
                              d:/software_use/mounriverstudio/mounriver_studio/toolchain/risc-v embedded gcc/bin/../lib/gcc/riscv-none-embed/8.2.0/../../../../riscv-none-embed/lib/rv32imafc/ilp32f\libm.a(lib_a-w_atan2.o) (__ieee754_atan2)
d:/software_use/mounriverstudio/mounriver_studio/toolchain/risc-v embedded gcc/bin/../lib/gcc/riscv-none-embed/8.2.0/../../../../riscv-none-embed/lib/rv32imafc/ilp32f\libm.a(lib_a-e_fmod.o)
                              d:/software_use/mounriverstudio/mounriver_studio/toolchain/risc-v embedded gcc/bin/../lib/gcc/riscv-none-embed/8.2.0/../../../../riscv-none-embed/lib/rv32imafc/ilp32f\libm.a(lib_a-w_fmod.o) (__ieee754_fmod)
d:/software_use/mounriverstudio/mounriver_studio/toolchain/risc-v embedded gcc/bin/../lib/gcc/riscv-none-embed/8.2.0/../../../../riscv-none-embed/lib/rv32imafc/ilp32f\libm.a(lib_a-e_pow.o)
                              d:/software_use/mounriverstudio/mounriver_studio/toolchain/risc-v embedded gcc/bin/../lib/gcc/riscv-none-embed/8.2.0/../../../../riscv-none-embed/lib/rv32imafc/ilp32f\libm.a(lib_a-w_pow.o) (__ieee754_pow)
[...]
Memory Configuration

Name             Origin             Length             Attributes
RAM              0x0000000020000040 0x000000000000fc00 xrw
FLASH            0x0000000000000000 0x0000000000040000 xr
*default*        0x0000000000000000 0xffffffffffffffff

Linker script and memory map

LOAD ./zf_driver/zf_driver_adc.o
LOAD ./zf_driver/zf_driver_delay.o
LOAD ./zf_driver/zf_driver_dvp.o
LOAD ./zf_driver/zf_driver_encoder.o
LOAD ./zf_driver/zf_driver_exti.o
LOAD ./zf_driver/zf_driver_flash.o
LOAD ./zf_driver/zf_driver_gpio.o
LOAD ./zf_driver/zf_driver_iic.o
LOAD ./zf_driver/zf_driver_pit.o
LOAD ./zf_driver/zf_driver_pwm.o
LOAD ./zf_driver/zf_driver_soft_iic.o
LOAD ./zf_driver/zf_driver_soft_spi.o
LOAD ./zf_driver/zf_driver_spi.o
LOAD ./zf_driver/zf_driver_timer.o
LOAD ./zf_driver/zf_driver_uart.o
LOAD ./zf_driver/zf_driver_usb_cdc.o
LOAD ./zf_device/zf_device_absolute_encoder.o
LOAD ./zf_device/zf_device_aht20.o
LOAD ./zf_device/zf_device_ble6a20.o
LOAD ./zf_device/zf_device_bluetooth_ch9141.o
LOAD ./zf_device/zf_device_camera.o
LOAD ./zf_device/zf_device_dl1a.o
LOAD ./zf_device/zf_device_dl1b.o
LOAD ./zf_device/zf_device_dm1xa.o
LOAD ./zf_device/zf_device_gnss.o
LOAD ./zf_device/zf_device_icm20602.o
LOAD ./zf_device/zf_device_imu660ra.o
LOAD ./zf_device/zf_device_imu963ra.o
LOAD ./zf_device/zf_device_ips114.o
LOAD ./zf_device/zf_device_ips200.o
LOAD ./zf_device/zf_device_k24c02.o
LOAD ./zf_device/zf_device_key.o
LOAD ./zf_device/zf_device_mpu6050.o
LOAD ./zf_device/zf_device_mt9v03x_dvp.o
LOAD ./zf_device/zf_device_oled.o
LOAD ./zf_device/zf_device_scc8660_dvp.o
LOAD ./zf_device/zf_device_tft180.o
LOAD ./zf_device/zf_device_type.o
LOAD ./zf_device/zf_device_virtual_oscilloscope.o
LOAD ./zf_device/zf_device_w25q32.o
LOAD ./zf_device/zf_device_wifi_spi.o
LOAD ./zf_device/zf_device_wifi_uart.o
LOAD ./zf_device/zf_device_wireless_ch573.o
LOAD ./zf_device/zf_device_wireless_uart.o
LOAD ./zf_components/seekfree_assistant.o
LOAD ./zf_components/seekfree_assistant_interface.o
LOAD ./zf_common/zf_common_clock.o
LOAD ./zf_common/zf_common_debug.o
LOAD ./zf_common/zf_common_fifo.o
LOAD ./zf_common/zf_common_font.o
LOAD ./zf_common/zf_common_function.o
LOAD ./zf_common/zf_common_interrupt.o
LOAD ./user_c/isr.o
LOAD ./user_c/main.o
LOAD ./sdk/Startup/startup_ch32v30x_D8C.o
LOAD ./sdk/Peripheral/ch32v30x_adc.o
LOAD ./sdk/Peripheral/ch32v30x_bkp.o
LOAD ./sdk/Peripheral/ch32v30x_can.o
LOAD ./sdk/Peripheral/ch32v30x_crc.o
LOAD ./sdk/Peripheral/ch32v30x_dac.o
LOAD ./sdk/Peripheral/ch32v30x_dbgmcu.o
LOAD ./sdk/Peripheral/ch32v30x_dma.o
LOAD ./sdk/Peripheral/ch32v30x_dvp.o
LOAD ./sdk/Peripheral/ch32v30x_eth.o
LOAD ./sdk/Peripheral/ch32v30x_exti.o
LOAD ./sdk/Peripheral/ch32v30x_flash.o
LOAD ./sdk/Peripheral/ch32v30x_fsmc.o
LOAD ./sdk/Peripheral/ch32v30x_gpio.o
LOAD ./sdk/Peripheral/ch32v30x_i2c.o
LOAD ./sdk/Peripheral/ch32v30x_iwdg.o
LOAD ./sdk/Peripheral/ch32v30x_opa.o
LOAD ./sdk/Peripheral/ch32v30x_pwr.o
LOAD ./sdk/Peripheral/ch32v30x_rcc.o
LOAD ./sdk/Peripheral/ch32v30x_rng.o
LOAD ./sdk/Peripheral/ch32v30x_rtc.o
LOAD ./sdk/Peripheral/ch32v30x_sdio.o
LOAD ./sdk/Peripheral/ch32v30x_spi.o
LOAD ./sdk/Peripheral/ch32v30x_tim.o
LOAD ./sdk/Peripheral/ch32v30x_usart.o
LOAD ./sdk/Peripheral/ch32v30x_usbotg_device.o
LOAD ./sdk/Peripheral/ch32v30x_wwdg.o
LOAD ./sdk/Core/core_riscv.o
LOAD ./code/AS5600.o
LOAD ./code/FOC.o
LOAD ./code/Motor.o
LOAD ./code/fliter.o
LOAD ./code/others.o
LOAD ./code/ppid.o
LOAD ./code/sensors.o
LOAD ./code/vofa.o
LOAD d:/software_use/mounriverstudio/mounriver_studio/toolchain/risc-v embedded gcc/bin/../lib/gcc/riscv-none-embed/8.2.0/../../../../riscv-none-embed/lib/rv32imafc/ilp32f\libm.a
LOAD D:\DESKTOP\CH32-FOC\CHV307_Library-master\Example\libraries\zf_device\libzf_device_config.a
LOAD d:/software_use/mounriverstudio/mounriver_studio/toolchain/risc-v embedded gcc/bin/../lib/gcc/riscv-none-embed/8.2.0/rv32imafc/ilp32f\libgcc.a
LOAD d:/software_use/mounriverstudio/mounriver_studio/toolchain/risc-v embedded gcc/bin/../lib/gcc/riscv-none-embed/8.2.0/../../../../riscv-none-embed/lib/rv32imafc/ilp32f\libg_nano.a
LOAD d:/software_use/mounriverstudio/mounriver_studio/toolchain/risc-v embedded gcc/bin/../lib/gcc/riscv-none-embed/8.2.0/../../../../riscv-none-embed/lib/rv32imafc/ilp32f\libc_nano.a
LOAD d:/software_use/mounriverstudio/mounriver_studio/toolchain/risc-v embedded gcc/bin/../lib/gcc/riscv-none-embed/8.2.0/rv32imafc/ilp32f\libgcc.a
START GROUP
LOAD d:/software_use/mounriverstudio/mounriver_studio/toolchain/risc-v embedded gcc/bin/../lib/gcc/riscv-none-embed/8.2.0/rv32imafc/ilp32f\libgcc.a
LOAD d:/software_use/mounriverstudio/mounriver_studio/toolchain/risc-v embedded gcc/bin/../lib/gcc/riscv-none-embed/8.2.0/../../../../riscv-none-embed/lib/rv32imafc/ilp32f\libc_nano.a
LOAD d:/software_use/mounriverstudio/mounriver_studio/toolchain/risc-v embedded gcc/bin/../lib/gcc/riscv-none-embed/8.2.0/../../../../riscv-none-embed/lib/rv32imafc/ilp32f\libnosys.a
END GROUP
START GROUP
LOAD d:/software_use/mounriverstudio/mounriver_studio/toolchain/risc-v embedded gcc/bin/../lib/gcc/riscv-none-embed/8.2.0/rv32imafc/ilp32f\libgcc.a
LOAD d:/software_use/mounriverstudio/mounriver_studio/toolchain/risc-v embedded gcc/bin/../lib/gcc/riscv-none-embed/8.2.0/../../../../riscv-none-embed/lib/rv32imafc/ilp32f\libc_nano.a
LOAD d:/software_use/mounriverstudio/mounriver_studio/toolchain/risc-v embedded gcc/bin/../lib/gcc/riscv-none-embed/8.2.0/../../../../riscv-none-embed/lib/rv32imafc/ilp32f\libnosys.a
END GROUP
                0x0000000000000800                __stack_size = 0x800
                [!provide]                        PROVIDE (_stack_size = __stack_size)

.init           0x0000000000000000       0x38
                0x0000000000000000                _sinit = .
                0x0000000000000000                . = ALIGN (0x4)
 *(SORT_NONE(.init))
 .init          0x0000000000000000       0x38 ./sdk/Startup/startup_ch32v30x_D8C.o
                0x0000000000000000                _start
                0x0000000000000038                . = ALIGN (0x4)
                0x0000000000000038                _einit = .

.vector         0x0000000000000038      0x1c8
 *(.vector)
 .vector        0x0000000000000038      0x1a0 ./sdk/Startup/startup_ch32v30x_D8C.o
                0x0000000000000200                . = ALIGN (0x40)
 *fill*         0x00000000000001d8       0x28 

.text           0x0000000000000200    0x13844
                0x0000000000000200                . = ALIGN (0x4)
 *(.text)
 .text          0x0000000000000200       0xa8 d:/software_use/mounriverstudio/mounriver_studio/toolchain/risc-v embedded gcc/bin/../lib/gcc/riscv-none-embed/8.2.0/../../../../riscv-none-embed/lib/rv32imafc/ilp32f\libg_nano.a(lib_a-memset.o)
                0x0000000000000200                memset
 *(.text.*)
 .text.adc_convert
                0x00000000000002a8       0xbc ./zf_driver/zf_driver_adc.o
                0x00000000000002a8                adc_convert
 .text.adc_mean_filter_convert
                0x0000000000000364       0x7c ./zf_driver/zf_driver_adc.o
                0x0000000000000364                adc_mean_filter_convert
 .text.adc_init
                0x00000000000003e0      0x192 ./zf_driver/zf_driver_adc.o
                0x00000000000003e0                adc_init
 .text.system_delay_ms
                0x0000000000000572       0xa2 ./zf_driver/zf_driver_delay.o
                0x0000000000000572                system_delay_ms
 .text.gpio_get_level
                0x0000000000000614       0x42 ./zf_driver/zf_driver_gpio.o
                0x0000000000000614                gpio_get_level
 .text.gpio_toggle_level
                0x0000000000000656       0x6a ./zf_driver/zf_driver_gpio.o
                0x0000000000000656                gpio_toggle_level
 .text.gpio_init
                0x00000000000006c0      0x15c ./zf_driver/zf_driver_gpio.o
                0x00000000000006c0                gpio_init
 .text.pwm_set_duty
                0x000000000000081c      0x166 ./zf_driver/zf_driver_pwm.o
                0x000000000000081c                pwm_set_duty
 .text.pwm_set_freq
                0x0000000000000982      0x18c ./zf_driver/zf_driver_pwm.o
                0x0000000000000982                pwm_set_freq
 .text.pwm_init
                0x0000000000000b0e      0x416 ./zf_driver/zf_driver_pwm.o
                0x0000000000000b0e                pwm_init
 .text.spi_write_8bit
                0x0000000000000f24       0x56 ./zf_driver/zf_driver_spi.o
                0x0000000000000f24                spi_write_8bit
 .text.spi_write_16bit
                0x0000000000000f7a       0xa4 ./zf_driver/zf_driver_spi.o
                0x0000000000000f7a                spi_write_16bit
 .text.spi_write_16bit_array
                0x000000000000101e       0xe4 ./zf_driver/zf_driver_spi.o
                0x000000000000101e                spi_write_16bit_array
 .text.spi_init
                0x0000000000001102      0x2d4 ./zf_driver/zf_driver_spi.o
                0x0000000000001102                spi_init
 .text.timer_funciton_check
                0x00000000000013d6       0x66 ./zf_driver/zf_driver_timer.o
                0x00000000000013d6                timer_funciton_check
 .text.timer_clock_enable
                0x000000000000143c       0xe2 ./zf_driver/zf_driver_timer.o
                0x000000000000143c                timer_clock_enable
 .text.timer_start
                0x000000000000151e       0xca ./zf_driver/zf_driver_timer.o
                0x000000000000151e                timer_start
 .text.timer_get
                0x00000000000015e8       0xfe ./zf_driver/zf_driver_timer.o
                0x00000000000015e8                timer_get
 .text.timer_clear
                0x00000000000016e6       0xc4 ./zf_driver/zf_driver_timer.o
                0x00000000000016e6                timer_clear
 .text.timer_init
                0x00000000000017aa      0x1a0 ./zf_driver/zf_driver_timer.o
                0x00000000000017aa                timer_init
 .text.uart_write_byte
                0x000000000000194a       0x56 ./zf_driver/zf_driver_uart.o
                0x000000000000194a                uart_write_byte
 .text.uart_write_string
                0x00000000000019a0       0x60 ./zf_driver/zf_driver_uart.o
                0x00000000000019a0                uart_write_string
 .text.uart_rx_interrupt
                0x0000000000001a00       0x84 ./zf_driver/zf_driver_uart.o
                0x0000000000001a00                uart_rx_interrupt
 .text.uart_query_byte
                0x0000000000001a84       0x5e ./zf_driver/zf_driver_uart.o
                0x0000000000001a84                uart_query_byte
 .text.uart_init
                0x0000000000001ae2      0x5aa ./zf_driver/zf_driver_uart.o
                0x0000000000001ae2                uart_init
 .text.dm1xa_sound_callback
                0x000000000000208c       0xf2 ./zf_device/zf_device_dm1xa.o
                0x000000000000208c                dm1xa_sound_callback
 .text.dm1xa_light_callback
                0x000000000000217e       0x32 ./zf_device/zf_device_dm1xa.o
                0x000000000000217e                dm1xa_light_callback
 .text.gnss_uart_callback
                0x00000000000021b0      0x15c ./zf_device/zf_device_gnss.o
                0x00000000000021b0                gnss_uart_callback
 .text.ips114_write_index
                0x000000000000230c       0x44 ./zf_device/zf_device_ips114.o
 .text.ips114_set_region
                0x0000000000002350      0x26e ./zf_device/zf_device_ips114.o
 .text.ips114_debug_init
                0x00000000000025be       0x86 ./zf_device/zf_device_ips114.o
 .text.ips114_clear
                0x0000000000002644      0x120 ./zf_device/zf_device_ips114.o
                0x0000000000002644                ips114_clear
 .text.ips114_set_dir
                0x0000000000002764       0x4c ./zf_device/zf_device_ips114.o
                0x0000000000002764                ips114_set_dir
 .text.ips114_set_color
                0x00000000000027b0       0x2c ./zf_device/zf_device_ips114.o
                0x00000000000027b0                ips114_set_color
 .text.ips114_show_char
                0x00000000000027dc      0x30a ./zf_device/zf_device_ips114.o
                0x00000000000027dc                ips114_show_char
 .text.ips114_show_string
                0x0000000000002ae6      0x110 ./zf_device/zf_device_ips114.o
                0x0000000000002ae6                ips114_show_string
 .text.ips114_show_int
                0x0000000000002bf6      0x144 ./zf_device/zf_device_ips114.o
                0x0000000000002bf6                ips114_show_int
 .text.ips114_show_uint
                0x0000000000002d3a      0x142 ./zf_device/zf_device_ips114.o
                0x0000000000002d3a                ips114_show_uint
 .text.ips114_init
                0x0000000000002e7c      0x33a ./zf_device/zf_device_ips114.o
                0x0000000000002e7c                ips114_init
 .text.type_default_callback
                0x00000000000031b6        0xe ./zf_device/zf_device_type.o
 .text.clock_reset
                0x00000000000031c4       0x76 ./zf_common/zf_common_clock.o
                0x00000000000031c4                clock_reset
 .text.clock_set_freq
                0x000000000000323a      0x1de ./zf_common/zf_common_clock.o
                0x000000000000323a                clock_set_freq
 .text.clock_init
                0x0000000000003418       0x2e ./zf_common/zf_common_clock.o
                0x0000000000003418                clock_init
 .text.__NOP    0x0000000000003446       0x10 ./zf_common/zf_common_debug.o
 .text.debug_delay
                0x0000000000003456       0x52 ./zf_common/zf_common_debug.o
 .text.debug_protective_handler
                0x00000000000034a8        0xe ./zf_common/zf_common_debug.o
 .text.debug_uart_str_output
                0x00000000000034b6       0x20 ./zf_common/zf_common_debug.o
 .text.debug_output
                0x00000000000034d6      0x52c ./zf_common/zf_common_debug.o
 .text._write   0x0000000000003a02       0x7c ./zf_common/zf_common_debug.o
                0x0000000000003a02                _write
 .text.debug_assert_handler
                0x0000000000003a7e       0x68 ./zf_common/zf_common_debug.o
                0x0000000000003a7e                debug_assert_handler
 .text.debug_output_struct_init
                0x0000000000003ae6       0x5a ./zf_common/zf_common_debug.o
                0x0000000000003ae6                debug_output_struct_init
 .text.debug_output_init
                0x0000000000003b40       0x88 ./zf_common/zf_common_debug.o
                0x0000000000003b40                debug_output_init
 .text.debug_init
                0x0000000000003bc8       0x62 ./zf_common/zf_common_debug.o
                0x0000000000003bc8                debug_init
 .text.fifo_head_offset
                0x0000000000003c2a      0x184 ./zf_common/zf_common_fifo.o
 .text.fifo_end_offset
                0x0000000000003dae      0x184 ./zf_common/zf_common_fifo.o
 .text.fifo_clear
                0x0000000000003f32      0x24a ./zf_common/zf_common_fifo.o
                0x0000000000003f32                fifo_clear
 .text.fifo_used
                0x000000000000417c       0x7a ./zf_common/zf_common_fifo.o
                0x000000000000417c                fifo_used
 .text.fifo_write_buffer
                0x00000000000041f6      0x5ea ./zf_common/zf_common_fifo.o
                0x00000000000041f6                fifo_write_buffer
 .text.fifo_read_buffer
                0x00000000000047e0      0x5a4 ./zf_common/zf_common_fifo.o
                0x00000000000047e0                fifo_read_buffer
 .text.fifo_init
                0x0000000000004d84      0x248 ./zf_common/zf_common_fifo.o
                0x0000000000004d84                fifo_init
 .text.func_int_to_str
                0x0000000000004fcc      0x116 ./zf_common/zf_common_function.o
                0x0000000000004fcc                func_int_to_str
 .text.func_uint_to_str
                0x00000000000050e2       0xd8 ./zf_common/zf_common_function.o
                0x00000000000050e2                func_uint_to_str
 .text.__enable_irq
                0x00000000000051ba       0x18 ./zf_common/zf_common_interrupt.o
 .text.__disable_irq
                0x00000000000051d2       0x14 ./zf_common/zf_common_interrupt.o
 .text.NVIC_EnableIRQ
                0x00000000000051e6       0x32 ./zf_common/zf_common_interrupt.o
 .text.NVIC_DisableIRQ
                0x0000000000005218       0x32 ./zf_common/zf_common_interrupt.o
 .text.NVIC_SetPriority
                0x000000000000524a       0x2a ./zf_common/zf_common_interrupt.o
 .text.interrupt_enable
                0x0000000000005274       0x1e ./zf_common/zf_common_interrupt.o
                0x0000000000005274                interrupt_enable
 .text.interrupt_disable
                0x0000000000005292       0x1e ./zf_common/zf_common_interrupt.o
                0x0000000000005292                interrupt_disable
 .text.interrupt_set_priority
                0x00000000000052b0       0x2a ./zf_common/zf_common_interrupt.o
                0x00000000000052b0                interrupt_set_priority
 .text.interrupt_global_enable
                0x00000000000052da       0x32 ./zf_common/zf_common_interrupt.o
                0x00000000000052da                interrupt_global_enable
 .text.interrupt_global_disable
                0x000000000000530c       0x2c ./zf_common/zf_common_interrupt.o
                0x000000000000530c                interrupt_global_disable
 .text.interrupt_init
                0x0000000000005338       0x18 ./zf_common/zf_common_interrupt.o
                0x0000000000005338                interrupt_init
 .text.USART1_IRQHandler
                0x0000000000005350       0xc4 ./user_c/isr.o
                0x0000000000005350                USART1_IRQHandler
 .text.USART2_IRQHandler
                0x0000000000005414       0xc4 ./user_c/isr.o
                0x0000000000005414                USART2_IRQHandler
 .text.USART3_IRQHandler
                0x00000000000054d8       0xc4 ./user_c/isr.o
                0x00000000000054d8                USART3_IRQHandler
 .text.UART4_IRQHandler
                0x000000000000559c       0xc4 ./user_c/isr.o
                0x000000000000559c                UART4_IRQHandler
 .text.UART5_IRQHandler
                0x0000000000005660       0xc2 ./user_c/isr.o
                0x0000000000005660                UART5_IRQHandler
 .text.UART6_IRQHandler
                0x0000000000005722       0xc4 ./user_c/isr.o
                0x0000000000005722                UART6_IRQHandler
 .text.UART7_IRQHandler
                0x00000000000057e6       0xca ./user_c/isr.o
                0x00000000000057e6                UART7_IRQHandler
 .text.UART8_IRQHandler
                0x00000000000058b0       0xc0 ./user_c/isr.o
                0x00000000000058b0                UART8_IRQHandler
 .text.DVP_IRQHandler
                0x0000000000005970       0xd0 ./user_c/isr.o
                0x0000000000005970                DVP_IRQHandler
 .text.EXTI0_IRQHandler
                0x0000000000005a40       0xb4 ./user_c/isr.o
                0x0000000000005a40                EXTI0_IRQHandler
 .text.EXTI1_IRQHandler
                0x0000000000005af4       0xb4 ./user_c/isr.o
                0x0000000000005af4                EXTI1_IRQHandler
 .text.EXTI2_IRQHandler
                0x0000000000005ba8       0xb4 ./user_c/isr.o
                0x0000000000005ba8                EXTI2_IRQHandler
 .text.EXTI3_IRQHandler
                0x0000000000005c5c       0xb4 ./user_c/isr.o
                0x0000000000005c5c                EXTI3_IRQHandler
 .text.EXTI4_IRQHandler
                0x0000000000005d10       0xb4 ./user_c/isr.o
                0x0000000000005d10                EXTI4_IRQHandler
 .text.EXTI9_5_IRQHandler
                0x0000000000005dc4      0x118 ./user_c/isr.o
                0x0000000000005dc4                EXTI9_5_IRQHandler
 .text.EXTI15_10_IRQHandler
                0x0000000000005edc      0x132 ./user_c/isr.o
                0x0000000000005edc                EXTI15_10_IRQHandler
 .text.TIM1_UP_IRQHandler
                0x000000000000600e       0xc0 ./user_c/isr.o
                0x000000000000600e                TIM1_UP_IRQHandler
 .text.TIM2_IRQHandler
                0x00000000000060ce       0xc0 ./user_c/isr.o
                0x00000000000060ce                TIM2_IRQHandler
 .text.TIM3_IRQHandler
                0x000000000000618e       0xc0 ./user_c/isr.o
                0x000000000000618e                TIM3_IRQHandler
 .text.TIM4_IRQHandler
                0x000000000000624e       0xc0 ./user_c/isr.o
                0x000000000000624e                TIM4_IRQHandler
 .text.TIM5_IRQHandler
                0x000000000000630e       0xc0 ./user_c/isr.o
                0x000000000000630e                TIM5_IRQHandler
 .text.TIM6_IRQHandler
                0x00000000000063ce       0xb8 ./user_c/isr.o
                0x00000000000063ce                TIM6_IRQHandler
 .text.TIM7_IRQHandler
                0x0000000000006486       0xc0 ./user_c/isr.o
                0x0000000000006486                TIM7_IRQHandler
 .text.TIM8_UP_IRQHandler
                0x0000000000006546       0xc0 ./user_c/isr.o
                0x0000000000006546                TIM8_UP_IRQHandler
 .text.TIM9_UP_IRQHandler
                0x0000000000006606       0xc0 ./user_c/isr.o
                0x0000000000006606                TIM9_UP_IRQHandler
 .text.TIM10_UP_IRQHandler
                0x00000000000066c6       0xb8 ./user_c/isr.o
                0x00000000000066c6                TIM10_UP_IRQHandler
 .text.NMI_Handler
                0x000000000000677e       0x10 ./user_c/isr.o
                0x000000000000677e                NMI_Handler
 .text.HardFault_Handler
                0x000000000000678e        0x8 ./user_c/isr.o
                0x000000000000678e                HardFault_Handler
 .text.main     0x0000000000006796      0x1d0 ./user_c/main.o
                0x0000000000006796                main
 .text.vector_handler
                0x0000000000006966       0xbe ./sdk/Startup/startup_ch32v30x_D8C.o
                0x000000000000696a                Ecall_M_Mode_Handler
                0x000000000000696c                Ecall_U_Mode_Handler
                0x000000000000696e                Break_Point_Handler
                0x0000000000006970                SysTick_Handler
                0x0000000000006972                SW_Handler
                0x0000000000006974                WWDG_IRQHandler
                0x0000000000006976                PVD_IRQHandler
                0x0000000000006978                TAMPER_IRQHandler
                0x000000000000697a                RTC_IRQHandler
                0x000000000000697c                FLASH_IRQHandler
                0x000000000000697e                RCC_IRQHandler
                0x000000000000698a                DMA1_Channel1_IRQHandler
                0x000000000000698c                DMA1_Channel2_IRQHandler
                0x000000000000698e                DMA1_Channel3_IRQHandler
                0x0000000000006990                DMA1_Channel4_IRQHandler
                0x0000000000006992                DMA1_Channel5_IRQHandler
                0x0000000000006994                DMA1_Channel6_IRQHandler
                0x0000000000006996                DMA1_Channel7_IRQHandler
                0x0000000000006998                ADC1_2_IRQHandler
                0x000000000000699a                USB_HP_CAN1_TX_IRQHandler
                0x000000000000699c                USB_LP_CAN1_RX0_IRQHandler
                0x000000000000699e                CAN1_RX1_IRQHandler
                0x00000000000069a0                CAN1_SCE_IRQHandler
                0x00000000000069a4                TIM1_BRK_IRQHandler
                0x00000000000069a8                TIM1_TRG_COM_IRQHandler
                0x00000000000069aa                TIM1_CC_IRQHandler
                0x00000000000069b2                I2C1_EV_IRQHandler
                0x00000000000069b4                I2C1_ER_IRQHandler
                0x00000000000069b6                I2C2_EV_IRQHandler
                0x00000000000069b8                I2C2_ER_IRQHandler
                0x00000000000069ba                SPI1_IRQHandler
                0x00000000000069bc                SPI2_IRQHandler
                0x00000000000069c6                RTCAlarm_IRQHandler
                0x00000000000069c8                USBWakeUp_IRQHandler
                0x00000000000069ca                TIM8_BRK_IRQHandler
                0x00000000000069ce                TIM8_TRG_COM_IRQHandler
                0x00000000000069d0                TIM8_CC_IRQHandler
                0x00000000000069d2                RNG_IRQHandler
                0x00000000000069d4                FSMC_IRQHandler
                0x00000000000069d6                SDIO_IRQHandler
                0x00000000000069da                SPI3_IRQHandler
                0x00000000000069e4                DMA2_Channel1_IRQHandler
                0x00000000000069e6                DMA2_Channel2_IRQHandler
                0x00000000000069e8                DMA2_Channel3_IRQHandler
                0x00000000000069ea                DMA2_Channel4_IRQHandler
                0x00000000000069ec                DMA2_Channel5_IRQHandler
                0x00000000000069ee                ETH_IRQHandler
                0x00000000000069f0                ETH_WKUP_IRQHandler
                0x00000000000069f2                CAN2_TX_IRQHandler
                0x00000000000069f4                CAN2_RX0_IRQHandler
                0x00000000000069f6                CAN2_RX1_IRQHandler
                0x00000000000069f8                CAN2_SCE_IRQHandler
                0x00000000000069fc                USBHSWakeup_IRQHandler
                0x00000000000069fe                USBHS_IRQHandler
                0x0000000000006a08                TIM9_BRK_IRQHandler
                0x0000000000006a0c                TIM9_TRG_COM_IRQHandler
                0x0000000000006a0e                TIM9_CC_IRQHandler
                0x0000000000006a10                TIM10_BRK_IRQHandler
                0x0000000000006a14                TIM10_TRG_COM_IRQHandler
                0x0000000000006a16                TIM10_CC_IRQHandler
                0x0000000000006a18                DMA2_Channel6_IRQHandler
                0x0000000000006a1a                DMA2_Channel7_IRQHandler
                0x0000000000006a1c                DMA2_Channel8_IRQHandler
                0x0000000000006a1e                DMA2_Channel9_IRQHandler
                0x0000000000006a20                DMA2_Channel10_IRQHandler
                0x0000000000006a22                DMA2_Channel11_IRQHandler
 .text.handle_reset
                0x0000000000006a24       0x86 ./sdk/Startup/startup_ch32v30x_D8C.o
                0x0000000000006a24                handle_reset
 .text.ADC_DeInit
                0x0000000000006aaa       0x60 ./sdk/Peripheral/ch32v30x_adc.o
                0x0000000000006aaa                ADC_DeInit
 .text.ADC_Init
                0x0000000000006b0a      0x102 ./sdk/Peripheral/ch32v30x_adc.o
                0x0000000000006b0a                ADC_Init
 .text.ADC_Cmd  0x0000000000006c0c       0x3e ./sdk/Peripheral/ch32v30x_adc.o
                0x0000000000006c0c                ADC_Cmd
 .text.ADC_ResetCalibration
                0x0000000000006c4a       0x22 ./sdk/Peripheral/ch32v30x_adc.o
                0x0000000000006c4a                ADC_ResetCalibration
 .text.ADC_GetResetCalibrationStatus
                0x0000000000006c6c       0x30 ./sdk/Peripheral/ch32v30x_adc.o
                0x0000000000006c6c                ADC_GetResetCalibrationStatus
 .text.ADC_StartCalibration
                0x0000000000006c9c       0x22 ./sdk/Peripheral/ch32v30x_adc.o
                0x0000000000006c9c                ADC_StartCalibration
 .text.ADC_GetCalibrationStatus
                0x0000000000006cbe       0x30 ./sdk/Peripheral/ch32v30x_adc.o
                0x0000000000006cbe                ADC_GetCalibrationStatus
 .text.ADC_SoftwareStartConvCmd
                0x0000000000006cee       0x44 ./sdk/Peripheral/ch32v30x_adc.o
                0x0000000000006cee                ADC_SoftwareStartConvCmd
 .text.ADC_RegularChannelConfig
                0x0000000000006d32      0x248 ./sdk/Peripheral/ch32v30x_adc.o
                0x0000000000006d32                ADC_RegularChannelConfig
 .text.ADC_GetFlagStatus
                0x0000000000006f7a       0x3a ./sdk/Peripheral/ch32v30x_adc.o
                0x0000000000006f7a                ADC_GetFlagStatus
 .text.ADC_BufferCmd
                0x0000000000006fb4       0x44 ./sdk/Peripheral/ch32v30x_adc.o
                0x0000000000006fb4                ADC_BufferCmd
 .text.EXTI_GetITStatus
                0x0000000000006ff8       0x56 ./sdk/Peripheral/ch32v30x_exti.o
                0x0000000000006ff8                EXTI_GetITStatus
 .text.EXTI_ClearITPendingBit
                0x000000000000704e       0x20 ./sdk/Peripheral/ch32v30x_exti.o
                0x000000000000704e                EXTI_ClearITPendingBit
 .text.GPIO_Init
                0x000000000000706e      0x22a ./sdk/Peripheral/ch32v30x_gpio.o
                0x000000000000706e                GPIO_Init
 .text.GPIO_ReadInputDataBit
                0x0000000000007298       0x3a ./sdk/Peripheral/ch32v30x_gpio.o
                0x0000000000007298                GPIO_ReadInputDataBit
 .text.GPIO_SetBits
                0x00000000000072d2       0x22 ./sdk/Peripheral/ch32v30x_gpio.o
                0x00000000000072d2                GPIO_SetBits
 .text.GPIO_ResetBits
                0x00000000000072f4       0x22 ./sdk/Peripheral/ch32v30x_gpio.o
                0x00000000000072f4                GPIO_ResetBits
 .text.GPIO_WriteBit
                0x0000000000007316       0x38 ./sdk/Peripheral/ch32v30x_gpio.o
                0x0000000000007316                GPIO_WriteBit
 .text.GPIO_PinRemapConfig
                0x000000000000734e      0x1c8 ./sdk/Peripheral/ch32v30x_gpio.o
                0x000000000000734e                GPIO_PinRemapConfig
 .text.RCC_ADCCLKConfig
                0x0000000000007516       0x46 ./sdk/Peripheral/ch32v30x_rcc.o
                0x0000000000007516                RCC_ADCCLKConfig
 .text.RCC_GetClocksFreq
                0x000000000000755c      0x2c6 ./sdk/Peripheral/ch32v30x_rcc.o
                0x000000000000755c                RCC_GetClocksFreq
 .text.RCC_APB2PeriphClockCmd
                0x0000000000007822       0x46 ./sdk/Peripheral/ch32v30x_rcc.o
                0x0000000000007822                RCC_APB2PeriphClockCmd
 .text.RCC_APB1PeriphClockCmd
                0x0000000000007868       0x46 ./sdk/Peripheral/ch32v30x_rcc.o
                0x0000000000007868                RCC_APB1PeriphClockCmd
 .text.RCC_APB2PeriphResetCmd
                0x00000000000078ae       0x46 ./sdk/Peripheral/ch32v30x_rcc.o
                0x00000000000078ae                RCC_APB2PeriphResetCmd
 .text.RCC_APB1PeriphResetCmd
                0x00000000000078f4       0x46 ./sdk/Peripheral/ch32v30x_rcc.o
                0x00000000000078f4                RCC_APB1PeriphResetCmd
 .text.SPI_I2S_DeInit
                0x000000000000793a       0x76 ./sdk/Peripheral/ch32v30x_spi.o
                0x000000000000793a                SPI_I2S_DeInit
 .text.SPI_Init
                0x00000000000079b0       0xf8 ./sdk/Peripheral/ch32v30x_spi.o
                0x00000000000079b0                SPI_Init
 .text.SPI_Cmd  0x0000000000007aa8       0x5a ./sdk/Peripheral/ch32v30x_spi.o
                0x0000000000007aa8                SPI_Cmd
 .text.TIM_TimeBaseInit
                0x0000000000007b02      0x17e ./sdk/Peripheral/ch32v30x_tim.o
                0x0000000000007b02                TIM_TimeBaseInit
 .text.TIM_OC1Init
                0x0000000000007c80      0x19c ./sdk/Peripheral/ch32v30x_tim.o
                0x0000000000007c80                TIM_OC1Init
 .text.TIM_OC2Init
                0x0000000000007e1c      0x1e2 ./sdk/Peripheral/ch32v30x_tim.o
                0x0000000000007e1c                TIM_OC2Init
 .text.TIM_OC3Init
                0x0000000000007ffe      0x1dc ./sdk/Peripheral/ch32v30x_tim.o
                0x0000000000007ffe                TIM_OC3Init
 .text.TIM_OC4Init
                0x00000000000081da      0x176 ./sdk/Peripheral/ch32v30x_tim.o
                0x00000000000081da                TIM_OC4Init
 .text.TIM_Cmd  0x0000000000008350       0x58 ./sdk/Peripheral/ch32v30x_tim.o
                0x0000000000008350                TIM_Cmd
 .text.TIM_CtrlPWMOutputs
                0x00000000000083a8       0x60 ./sdk/Peripheral/ch32v30x_tim.o
                0x00000000000083a8                TIM_CtrlPWMOutputs
 .text.TIM_OC1PreloadConfig
                0x0000000000008408       0x4c ./sdk/Peripheral/ch32v30x_tim.o
                0x0000000000008408                TIM_OC1PreloadConfig
 .text.TIM_OC2PreloadConfig
                0x0000000000008454       0x5a ./sdk/Peripheral/ch32v30x_tim.o
                0x0000000000008454                TIM_OC2PreloadConfig
 .text.TIM_OC3PreloadConfig
                0x00000000000084ae       0x4c ./sdk/Peripheral/ch32v30x_tim.o
                0x00000000000084ae                TIM_OC3PreloadConfig
 .text.TIM_OC4PreloadConfig
                0x00000000000084fa       0x5a ./sdk/Peripheral/ch32v30x_tim.o
                0x00000000000084fa                TIM_OC4PreloadConfig
 .text.TIM_OC1FastConfig
                0x0000000000008554       0x4c ./sdk/Peripheral/ch32v30x_tim.o
                0x0000000000008554                TIM_OC1FastConfig
 .text.TIM_OC2FastConfig
                0x00000000000085a0       0x56 ./sdk/Peripheral/ch32v30x_tim.o
                0x00000000000085a0                TIM_OC2FastConfig
 .text.TIM_OC3FastConfig
                0x00000000000085f6       0x4c ./sdk/Peripheral/ch32v30x_tim.o
                0x00000000000085f6                TIM_OC3FastConfig
 .text.TIM_OC4FastConfig
                0x0000000000008642       0x56 ./sdk/Peripheral/ch32v30x_tim.o
                0x0000000000008642                TIM_OC4FastConfig
 .text.TIM_GetITStatus
                0x0000000000008698       0x70 ./sdk/Peripheral/ch32v30x_tim.o
                0x0000000000008698                TIM_GetITStatus
 .text.TIM_ClearITPendingBit
                0x0000000000008708       0x2e ./sdk/Peripheral/ch32v30x_tim.o
                0x0000000000008708                TIM_ClearITPendingBit
 .text.USART_Init
                0x0000000000008736      0x234 ./sdk/Peripheral/ch32v30x_usart.o
                0x0000000000008736                USART_Init
 .text.USART_Cmd
                0x000000000000896a       0x60 ./sdk/Peripheral/ch32v30x_usart.o
                0x000000000000896a                USART_Cmd
 .text.USART_ITConfig
                0x00000000000089ca       0xc4 ./sdk/Peripheral/ch32v30x_usart.o
                0x00000000000089ca                USART_ITConfig
 .text.USART_SendData
                0x0000000000008a8e       0x2e ./sdk/Peripheral/ch32v30x_usart.o
                0x0000000000008a8e                USART_SendData
 .text.USART_GetFlagStatus
                0x0000000000008abc       0x46 ./sdk/Peripheral/ch32v30x_usart.o
                0x0000000000008abc                USART_GetFlagStatus
 .text.USART_GetITStatus
                0x0000000000008b02      0x102 ./sdk/Peripheral/ch32v30x_usart.o
                0x0000000000008b02                USART_GetITStatus
 .text.USART_ClearITPendingBit
                0x0000000000008c04       0x4e ./sdk/Peripheral/ch32v30x_usart.o
                0x0000000000008c04                USART_ClearITPendingBit
 .text.DevEP1_IN_Deal
                0x0000000000008c52       0x3e ./sdk/Peripheral/ch32v30x_usbotg_device.o
                0x0000000000008c52                DevEP1_IN_Deal
 .text.DevEP2_IN_Deal
                0x0000000000008c90       0x3e ./sdk/Peripheral/ch32v30x_usbotg_device.o
                0x0000000000008c90                DevEP2_IN_Deal
 .text.DevEP1_OUT_Deal
                0x0000000000008cce       0x66 ./sdk/Peripheral/ch32v30x_usbotg_device.o
                0x0000000000008cce                DevEP1_OUT_Deal
 .text.DevEP2_OUT_Deal
                0x0000000000008d34       0x66 ./sdk/Peripheral/ch32v30x_usbotg_device.o
                0x0000000000008d34                DevEP2_OUT_Deal
 .text.OTG_FS_IRQHandler
                0x0000000000008d9a      0xd16 ./sdk/Peripheral/ch32v30x_usbotg_device.o
                0x0000000000008d9a                OTG_FS_IRQHandler
 .text.SoftI2C_Delay
                0x0000000000009ab0       0x2e ./code/AS5600.o
 .text.SDA_IN   0x0000000000009ade       0x36 ./code/AS5600.o
 .text.SDA_OUT  0x0000000000009b14       0x36 ./code/AS5600.o
 .text.SoftI2C_Init
                0x0000000000009b4a       0x60 ./code/AS5600.o
                0x0000000000009b4a                SoftI2C_Init
 .text.SoftI2C_Start
                0x0000000000009baa       0x5a ./code/AS5600.o
 .text.SoftI2C_Stop
                0x0000000000009c04       0x5a ./code/AS5600.o
 .text.SoftI2C_WaitAck
                0x0000000000009c5e       0x80 ./code/AS5600.o
 .text.SoftI2C_SendAck
                0x0000000000009cde       0x72 ./code/AS5600.o
 .text.SoftI2C_SendByte
                0x0000000000009d50       0x9c ./code/AS5600.o
 .text.SoftI2C_ReadByte
                0x0000000000009dec       0x92 ./code/AS5600.o
 .text.SoftI2C_ReadOneByte
                0x0000000000009e7e       0x7e ./code/AS5600.o
 .text.AS5600_GetAngle
                0x0000000000009efc       0x62 ./code/AS5600.o
                0x0000000000009efc                AS5600_GetAngle
 .text.AS5600_UpdateAngle
                0x0000000000009f5e       0xf8 ./code/AS5600.o
                0x0000000000009f5e                AS5600_UpdateAngle
 .text._electricalAngle
                0x000000000000a056       0x28 ./code/FOC.o
                0x000000000000a056                _electricalAngle
 .text._normalizeAngle
                0x000000000000a07e       0x80 ./code/FOC.o
                0x000000000000a07e                _normalizeAngle
 .text.velocityOpenloop
                0x000000000000a0fe       0xd0 ./code/FOC.o
                0x000000000000a0fe                velocityOpenloop
 .text.setPwm   0x000000000000a1ce      0x15c ./code/FOC.o
                0x000000000000a1ce                setPwm
 .text.setPhaseVoltage
                0x000000000000a32a      0x22c ./code/FOC.o
                0x000000000000a32a                setPhaseVoltage
 .text.DRV8301_Init
                0x000000000000a556       0x54 ./code/Motor.o
                0x000000000000a556                DRV8301_Init
 .text.Play_Welcome
                0x000000000000a5aa      0x118 ./code/Motor.o
                0x000000000000a5aa                Play_Welcome
 .text.Current_sensor_init
                0x000000000000a6c2       0x2a ./code/sensors.o
                0x000000000000a6c2                Current_sensor_init
 .text.Voltage_sensor_init
                0x000000000000a6ec       0x2e ./code/sensors.o
                0x000000000000a6ec                Voltage_sensor_init
 .text.Get_Current
                0x000000000000a71a       0x3a ./code/sensors.o
                0x000000000000a71a                Get_Current
 .text.Get_Voltage
                0x000000000000a754       0x46 ./code/sensors.o
                0x000000000000a754                Get_Voltage
 .text.cos      0x000000000000a79a       0x90 d:/software_use/mounriverstudio/mounriver_studio/toolchain/risc-v embedded gcc/bin/../lib/gcc/riscv-none-embed/8.2.0/../../../../riscv-none-embed/lib/rv32imafc/ilp32f\libm.a(lib_a-s_cos.o)
                0x000000000000a79a                cos
 .text.sin      0x000000000000a82a       0x92 d:/software_use/mounriverstudio/mounriver_studio/toolchain/risc-v embedded gcc/bin/../lib/gcc/riscv-none-embed/8.2.0/../../../../riscv-none-embed/lib/rv32imafc/ilp32f\libm.a(lib_a-s_sin.o)
                0x000000000000a82a                sin
 .text.fmod     0x000000000000a8bc       0xce d:/software_use/mounriverstudio/mounriver_studio/toolchain/risc-v embedded gcc/bin/../lib/gcc/riscv-none-embed/8.2.0/../../../../riscv-none-embed/lib/rv32imafc/ilp32f\libm.a(lib_a-w_fmod.o)
                0x000000000000a8bc                fmod
 .text.__ieee754_fmod
                0x000000000000a98a      0x282 d:/software_use/mounriverstudio/mounriver_studio/toolchain/risc-v embedded gcc/bin/../lib/gcc/riscv-none-embed/8.2.0/../../../../riscv-none-embed/lib/rv32imafc/ilp32f\libm.a(lib_a-e_fmod.o)
                0x000000000000a98a                __ieee754_fmod
 .text.__ieee754_rem_pio2
                0x000000000000ac0c      0x464 d:/software_use/mounriverstudio/mounriver_studio/toolchain/risc-v embedded gcc/bin/../lib/gcc/riscv-none-embed/8.2.0/../../../../riscv-none-embed/lib/rv32imafc/ilp32f\libm.a(lib_a-e_rem_pio2.o)
                0x000000000000ac0c                __ieee754_rem_pio2
 .text.__kernel_cos
                0x000000000000b070      0x2b8 d:/software_use/mounriverstudio/mounriver_studio/toolchain/risc-v embedded gcc/bin/../lib/gcc/riscv-none-embed/8.2.0/../../../../riscv-none-embed/lib/rv32imafc/ilp32f\libm.a(lib_a-k_cos.o)
                0x000000000000b070                __kernel_cos
 .text.__kernel_rem_pio2
                0x000000000000b328      0x946 d:/software_use/mounriverstudio/mounriver_studio/toolchain/risc-v embedded gcc/bin/../lib/gcc/riscv-none-embed/8.2.0/../../../../riscv-none-embed/lib/rv32imafc/ilp32f\libm.a(lib_a-k_rem_pio2.o)
                0x000000000000b328                __kernel_rem_pio2
 .text.__kernel_sin
                0x000000000000bc6e      0x192 d:/software_use/mounriverstudio/mounriver_studio/toolchain/risc-v embedded gcc/bin/../lib/gcc/riscv-none-embed/8.2.0/../../../../riscv-none-embed/lib/rv32imafc/ilp32f\libm.a(lib_a-k_sin.o)
                0x000000000000bc6e                __kernel_sin
 .text.fabs     0x000000000000be00        0x6 d:/software_use/mounriverstudio/mounriver_studio/toolchain/risc-v embedded gcc/bin/../lib/gcc/riscv-none-embed/8.2.0/../../../../riscv-none-embed/lib/rv32imafc/ilp32f\libm.a(lib_a-s_fabs.o)
                0x000000000000be00                fabs
 .text.floor    0x000000000000be06      0x150 d:/software_use/mounriverstudio/mounriver_studio/toolchain/risc-v embedded gcc/bin/../lib/gcc/riscv-none-embed/8.2.0/../../../../riscv-none-embed/lib/rv32imafc/ilp32f\libm.a(lib_a-s_floor.o)
                0x000000000000be06                floor
 .text.matherr  0x000000000000bf56        0x4 d:/software_use/mounriverstudio/mounriver_studio/toolchain/risc-v embedded gcc/bin/../lib/gcc/riscv-none-embed/8.2.0/../../../../riscv-none-embed/lib/rv32imafc/ilp32f\libm.a(lib_a-s_matherr.o)
                0x000000000000bf56                matherr
 .text.scalbn   0x000000000000bf5a      0x13e d:/software_use/mounriverstudio/mounriver_studio/toolchain/risc-v embedded gcc/bin/../lib/gcc/riscv-none-embed/8.2.0/../../../../riscv-none-embed/lib/rv32imafc/ilp32f\libm.a(lib_a-s_scalbn.o)
                0x000000000000bf5a                scalbn
 .text.copysign
                0x000000000000c098       0x16 d:/software_use/mounriverstudio/mounriver_studio/toolchain/risc-v embedded gcc/bin/../lib/gcc/riscv-none-embed/8.2.0/../../../../riscv-none-embed/lib/rv32imafc/ilp32f\libm.a(lib_a-s_copysign.o)
                0x000000000000c098                copysign
 .text.__adddf3
                0x000000000000c0ae      0xa0e d:/software_use/mounriverstudio/mounriver_studio/toolchain/risc-v embedded gcc/bin/../lib/gcc/riscv-none-embed/8.2.0/rv32imafc/ilp32f\libgcc.a(adddf3.o)
                0x000000000000c0ae                __adddf3
 .text.__divdf3
                0x000000000000cabc      0x7ea d:/software_use/mounriverstudio/mounriver_studio/toolchain/risc-v embedded gcc/bin/../lib/gcc/riscv-none-embed/8.2.0/rv32imafc/ilp32f\libgcc.a(divdf3.o)
                0x000000000000cabc                __divdf3
 .text.__eqdf2  0x000000000000d2a6       0x98 d:/software_use/mounriverstudio/mounriver_studio/toolchain/risc-v embedded gcc/bin/../lib/gcc/riscv-none-embed/8.2.0/rv32imafc/ilp32f\libgcc.a(eqdf2.o)
                0x000000000000d2a6                __nedf2
                0x000000000000d2a6                __eqdf2
 .text.__gedf2  0x000000000000d33e       0xb6 d:/software_use/mounriverstudio/mounriver_studio/toolchain/risc-v embedded gcc/bin/../lib/gcc/riscv-none-embed/8.2.0/rv32imafc/ilp32f\libgcc.a(gedf2.o)
                0x000000000000d33e                __gedf2
                0x000000000000d33e                __gtdf2
 .text.__ledf2  0x000000000000d3f4       0xb6 d:/software_use/mounriverstudio/mounriver_studio/toolchain/risc-v embedded gcc/bin/../lib/gcc/riscv-none-embed/8.2.0/rv32imafc/ilp32f\libgcc.a(ledf2.o)
                0x000000000000d3f4                __ledf2
                0x000000000000d3f4                __ltdf2
 .text.__muldf3
                0x000000000000d4aa      0x656 d:/software_use/mounriverstudio/mounriver_studio/toolchain/risc-v embedded gcc/bin/../lib/gcc/riscv-none-embed/8.2.0/rv32imafc/ilp32f\libgcc.a(muldf3.o)
                0x000000000000d4aa                __muldf3
 .text.__subdf3
                0x000000000000db00      0xa8c d:/software_use/mounriverstudio/mounriver_studio/toolchain/risc-v embedded gcc/bin/../lib/gcc/riscv-none-embed/8.2.0/rv32imafc/ilp32f\libgcc.a(subdf3.o)
                0x000000000000db00                __subdf3
 .text.__unorddf2
                0x000000000000e58c       0x7c d:/software_use/mounriverstudio/mounriver_studio/toolchain/risc-v embedded gcc/bin/../lib/gcc/riscv-none-embed/8.2.0/rv32imafc/ilp32f\libgcc.a(unorddf2.o)
                0x000000000000e58c                __unorddf2
 .text.__fixdfsi
                0x000000000000e608       0xd8 d:/software_use/mounriverstudio/mounriver_studio/toolchain/risc-v embedded gcc/bin/../lib/gcc/riscv-none-embed/8.2.0/rv32imafc/ilp32f\libgcc.a(fixdfsi.o)
                0x000000000000e608                __fixdfsi
 .text.__fixunsdfsi
                0x000000000000e6e0       0x9e d:/software_use/mounriverstudio/mounriver_studio/toolchain/risc-v embedded gcc/bin/../lib/gcc/riscv-none-embed/8.2.0/rv32imafc/ilp32f\libgcc.a(fixunsdfsi.o)
                0x000000000000e6e0                __fixunsdfsi
 .text.__floatsidf
                0x000000000000e77e       0x70 d:/software_use/mounriverstudio/mounriver_studio/toolchain/risc-v embedded gcc/bin/../lib/gcc/riscv-none-embed/8.2.0/rv32imafc/ilp32f\libgcc.a(floatsidf.o)
                0x000000000000e77e                __floatsidf
 .text.__floatunsidf
                0x000000000000e7ee       0x66 d:/software_use/mounriverstudio/mounriver_studio/toolchain/risc-v embedded gcc/bin/../lib/gcc/riscv-none-embed/8.2.0/rv32imafc/ilp32f\libgcc.a(floatunsidf.o)
                0x000000000000e7ee                __floatunsidf
 .text.__extendsfdf2
                0x000000000000e854       0xe8 d:/software_use/mounriverstudio/mounriver_studio/toolchain/risc-v embedded gcc/bin/../lib/gcc/riscv-none-embed/8.2.0/rv32imafc/ilp32f\libgcc.a(extendsfdf2.o)
                0x000000000000e854                __extendsfdf2
 .text.__truncdfsf2
                0x000000000000e93c      0x31e d:/software_use/mounriverstudio/mounriver_studio/toolchain/risc-v embedded gcc/bin/../lib/gcc/riscv-none-embed/8.2.0/rv32imafc/ilp32f\libgcc.a(truncdfsf2.o)
                0x000000000000e93c                __truncdfsf2
 .text.__clzsi2
                0x000000000000ec5a       0x76 d:/software_use/mounriverstudio/mounriver_studio/toolchain/risc-v embedded gcc/bin/../lib/gcc/riscv-none-embed/8.2.0/rv32imafc/ilp32f\libgcc.a(_clzsi2.o)
                0x000000000000ec5a                __clzsi2
 .text.__errno  0x000000000000ecd0        0x8 d:/software_use/mounriverstudio/mounriver_studio/toolchain/risc-v embedded gcc/bin/../lib/gcc/riscv-none-embed/8.2.0/../../../../riscv-none-embed/lib/rv32imafc/ilp32f\libg_nano.a(lib_a-errno.o)
                0x000000000000ecd0                __errno
 .text.malloc   0x000000000000ecd8        0xa d:/software_use/mounriverstudio/mounriver_studio/toolchain/risc-v embedded gcc/bin/../lib/gcc/riscv-none-embed/8.2.0/../../../../riscv-none-embed/lib/rv32imafc/ilp32f\libg_nano.a(lib_a-malloc.o)
                0x000000000000ecd8                malloc
 .text.memcpy   0x000000000000ece2       0xb6 d:/software_use/mounriverstudio/mounriver_studio/toolchain/risc-v embedded gcc/bin/../lib/gcc/riscv-none-embed/8.2.0/../../../../riscv-none-embed/lib/rv32imafc/ilp32f\libg_nano.a(lib_a-memcpy.o)
                0x000000000000ece2                memcpy
 .text._free_r  0x000000000000ed98       0xa8 d:/software_use/mounriverstudio/mounriver_studio/toolchain/risc-v embedded gcc/bin/../lib/gcc/riscv-none-embed/8.2.0/../../../../riscv-none-embed/lib/rv32imafc/ilp32f\libg_nano.a(lib_a-nano-freer.o)
                0x000000000000ed98                _free_r
 .text._malloc_r
                0x000000000000ee40       0xda d:/software_use/mounriverstudio/mounriver_studio/toolchain/risc-v embedded gcc/bin/../lib/gcc/riscv-none-embed/8.2.0/../../../../riscv-none-embed/lib/rv32imafc/ilp32f\libg_nano.a(lib_a-nano-mallocr.o)
                0x000000000000ee40                _malloc_r
 .text.__cvt    0x000000000000ef1a       0xee d:/software_use/mounriverstudio/mounriver_studio/toolchain/risc-v embedded gcc/bin/../lib/gcc/riscv-none-embed/8.2.0/../../../../riscv-none-embed/lib/rv32imafc/ilp32f\libg_nano.a(lib_a-nano-vfprintf_float.o)
                0x000000000000ef1a                __cvt
 .text.__exponent
                0x000000000000f008       0x8c d:/software_use/mounriverstudio/mounriver_studio/toolchain/risc-v embedded gcc/bin/../lib/gcc/riscv-none-embed/8.2.0/../../../../riscv-none-embed/lib/rv32imafc/ilp32f\libg_nano.a(lib_a-nano-vfprintf_float.o)
                0x000000000000f008                __exponent
 .text._printf_float
                0x000000000000f094      0x4c4 d:/software_use/mounriverstudio/mounriver_studio/toolchain/risc-v embedded gcc/bin/../lib/gcc/riscv-none-embed/8.2.0/../../../../riscv-none-embed/lib/rv32imafc/ilp32f\libg_nano.a(lib_a-nano-vfprintf_float.o)
                0x000000000000f094                _printf_float
 .text._printf_common
                0x000000000000f558      0x10c d:/software_use/mounriverstudio/mounriver_studio/toolchain/risc-v embedded gcc/bin/../lib/gcc/riscv-none-embed/8.2.0/../../../../riscv-none-embed/lib/rv32imafc/ilp32f\libg_nano.a(lib_a-nano-vfprintf_i.o)
                0x000000000000f558                _printf_common
 .text._printf_i
                0x000000000000f664      0x2ac d:/software_use/mounriverstudio/mounriver_studio/toolchain/risc-v embedded gcc/bin/../lib/gcc/riscv-none-embed/8.2.0/../../../../riscv-none-embed/lib/rv32imafc/ilp32f\libg_nano.a(lib_a-nano-vfprintf_i.o)
                0x000000000000f664                _printf_i
 .text.printf   0x000000000000f910       0x42 d:/software_use/mounriverstudio/mounriver_studio/toolchain/risc-v embedded gcc/bin/../lib/gcc/riscv-none-embed/8.2.0/../../../../riscv-none-embed/lib/rv32imafc/ilp32f\libg_nano.a(lib_a-printf.o)
                0x000000000000f910                iprintf
                0x000000000000f910                printf
 .text._sbrk_r  0x000000000000f952       0x2a d:/software_use/mounriverstudio/mounriver_studio/toolchain/risc-v embedded gcc/bin/../lib/gcc/riscv-none-embed/8.2.0/../../../../riscv-none-embed/lib/rv32imafc/ilp32f\libg_nano.a(lib_a-sbrkr.o)
                0x000000000000f952                _sbrk_r
 .text.sprintf  0x000000000000f97c       0x46 d:/software_use/mounriverstudio/mounriver_studio/toolchain/risc-v embedded gcc/bin/../lib/gcc/riscv-none-embed/8.2.0/../../../../riscv-none-embed/lib/rv32imafc/ilp32f\libg_nano.a(lib_a-sprintf.o)
                0x000000000000f97c                siprintf
                0x000000000000f97c                sprintf
 .text.strlen   0x000000000000f9c2       0x12 d:/software_use/mounriverstudio/mounriver_studio/toolchain/risc-v embedded gcc/bin/../lib/gcc/riscv-none-embed/8.2.0/../../../../riscv-none-embed/lib/rv32imafc/ilp32f\libg_nano.a(lib_a-strlen.o)
                0x000000000000f9c2                strlen
 .text.strncmp  0x000000000000f9d4       0x2c d:/software_use/mounriverstudio/mounriver_studio/toolchain/risc-v embedded gcc/bin/../lib/gcc/riscv-none-embed/8.2.0/../../../../riscv-none-embed/lib/rv32imafc/ilp32f\libg_nano.a(lib_a-strncmp.o)
                0x000000000000f9d4                strncmp
 .text.quorem   0x000000000000fa00      0x13a d:/software_use/mounriverstudio/mounriver_studio/toolchain/risc-v embedded gcc/bin/../lib/gcc/riscv-none-embed/8.2.0/../../../../riscv-none-embed/lib/rv32imafc/ilp32f\libg_nano.a(lib_a-dtoa.o)
 .text._dtoa_r  0x000000000000fb3a      0xbea d:/software_use/mounriverstudio/mounriver_studio/toolchain/risc-v embedded gcc/bin/../lib/gcc/riscv-none-embed/8.2.0/../../../../riscv-none-embed/lib/rv32imafc/ilp32f\libg_nano.a(lib_a-dtoa.o)
                0x000000000000fb3a                _dtoa_r
 .text.std      0x0000000000010724       0x6a d:/software_use/mounriverstudio/mounriver_studio/toolchain/risc-v embedded gcc/bin/../lib/gcc/riscv-none-embed/8.2.0/../../../../riscv-none-embed/lib/rv32imafc/ilp32f\libg_nano.a(lib_a-findfp.o)
 .text._cleanup_r
                0x000000000001078e        0xa d:/software_use/mounriverstudio/mounriver_studio/toolchain/risc-v embedded gcc/bin/../lib/gcc/riscv-none-embed/8.2.0/../../../../riscv-none-embed/lib/rv32imafc/ilp32f\libg_nano.a(lib_a-findfp.o)
                0x000000000001078e                _cleanup_r
 .text.__sfmoreglue
                0x0000000000010798       0x48 d:/software_use/mounriverstudio/mounriver_studio/toolchain/risc-v embedded gcc/bin/../lib/gcc/riscv-none-embed/8.2.0/../../../../riscv-none-embed/lib/rv32imafc/ilp32f\libg_nano.a(lib_a-findfp.o)
                0x0000000000010798                __sfmoreglue
 .text.__sinit  0x00000000000107e0       0x6c d:/software_use/mounriverstudio/mounriver_studio/toolchain/risc-v embedded gcc/bin/../lib/gcc/riscv-none-embed/8.2.0/../../../../riscv-none-embed/lib/rv32imafc/ilp32f\libg_nano.a(lib_a-findfp.o)
                0x00000000000107e0                __sinit
 .text.__sfp    0x000000000001084c       0xa0 d:/software_use/mounriverstudio/mounriver_studio/toolchain/risc-v embedded gcc/bin/../lib/gcc/riscv-none-embed/8.2.0/../../../../riscv-none-embed/lib/rv32imafc/ilp32f\libg_nano.a(lib_a-findfp.o)
                0x000000000001084c                __sfp
 .text._fwalk_reent
                0x00000000000108ec       0x6c d:/software_use/mounriverstudio/mounriver_studio/toolchain/risc-v embedded gcc/bin/../lib/gcc/riscv-none-embed/8.2.0/../../../../riscv-none-embed/lib/rv32imafc/ilp32f\libg_nano.a(lib_a-fwalk.o)
                0x00000000000108ec                _fwalk_reent
 .text._localeconv_r
                0x0000000000010958       0x18 d:/software_use/mounriverstudio/mounriver_studio/toolchain/risc-v embedded gcc/bin/../lib/gcc/riscv-none-embed/8.2.0/../../../../riscv-none-embed/lib/rv32imafc/ilp32f\libg_nano.a(lib_a-localeconv.o)
                0x0000000000010958                _localeconv_r
 .text.memchr   0x0000000000010970       0x1a d:/software_use/mounriverstudio/mounriver_studio/toolchain/risc-v embedded gcc/bin/../lib/gcc/riscv-none-embed/8.2.0/../../../../riscv-none-embed/lib/rv32imafc/ilp32f\libg_nano.a(lib_a-memchr.o)
                0x0000000000010970                memchr
 .text.__malloc_lock
                0x000000000001098a        0x2 d:/software_use/mounriverstudio/mounriver_studio/toolchain/risc-v embedded gcc/bin/../lib/gcc/riscv-none-embed/8.2.0/../../../../riscv-none-embed/lib/rv32imafc/ilp32f\libg_nano.a(lib_a-mlock.o)
                0x000000000001098a                __malloc_lock
 .text.__malloc_unlock
                0x000000000001098c        0x2 d:/software_use/mounriverstudio/mounriver_studio/toolchain/risc-v embedded gcc/bin/../lib/gcc/riscv-none-embed/8.2.0/../../../../riscv-none-embed/lib/rv32imafc/ilp32f\libg_nano.a(lib_a-mlock.o)
                0x000000000001098c                __malloc_unlock
 .text._Balloc  0x000000000001098e       0x88 d:/software_use/mounriverstudio/mounriver_studio/toolchain/risc-v embedded gcc/bin/../lib/gcc/riscv-none-embed/8.2.0/../../../../riscv-none-embed/lib/rv32imafc/ilp32f\libg_nano.a(lib_a-mprec.o)
                0x000000000001098e                _Balloc
 .text._Bfree   0x0000000000010a16       0x44 d:/software_use/mounriverstudio/mounriver_studio/toolchain/risc-v embedded gcc/bin/../lib/gcc/riscv-none-embed/8.2.0/../../../../riscv-none-embed/lib/rv32imafc/ilp32f\libg_nano.a(lib_a-mprec.o)
                0x0000000000010a16                _Bfree
 .text.__multadd
                0x0000000000010a5a       0x98 d:/software_use/mounriverstudio/mounriver_studio/toolchain/risc-v embedded gcc/bin/../lib/gcc/riscv-none-embed/8.2.0/../../../../riscv-none-embed/lib/rv32imafc/ilp32f\libg_nano.a(lib_a-mprec.o)
                0x0000000000010a5a                __multadd
 .text.__hi0bits
                0x0000000000010af2       0x46 d:/software_use/mounriverstudio/mounriver_studio/toolchain/risc-v embedded gcc/bin/../lib/gcc/riscv-none-embed/8.2.0/../../../../riscv-none-embed/lib/rv32imafc/ilp32f\libg_nano.a(lib_a-mprec.o)
                0x0000000000010af2                __hi0bits
 .text.__lo0bits
                0x0000000000010b38       0x6a d:/software_use/mounriverstudio/mounriver_studio/toolchain/risc-v embedded gcc/bin/../lib/gcc/riscv-none-embed/8.2.0/../../../../riscv-none-embed/lib/rv32imafc/ilp32f\libg_nano.a(lib_a-mprec.o)
                0x0000000000010b38                __lo0bits
 .text.__i2b    0x0000000000010ba2       0x1c d:/software_use/mounriverstudio/mounriver_studio/toolchain/risc-v embedded gcc/bin/../lib/gcc/riscv-none-embed/8.2.0/../../../../riscv-none-embed/lib/rv32imafc/ilp32f\libg_nano.a(lib_a-mprec.o)
                0x0000000000010ba2                __i2b
 .text.__multiply
                0x0000000000010bbe      0x144 d:/software_use/mounriverstudio/mounriver_studio/toolchain/risc-v embedded gcc/bin/../lib/gcc/riscv-none-embed/8.2.0/../../../../riscv-none-embed/lib/rv32imafc/ilp32f\libg_nano.a(lib_a-mprec.o)
                0x0000000000010bbe                __multiply
 .text.__pow5mult
                0x0000000000010d02       0xbe d:/software_use/mounriverstudio/mounriver_studio/toolchain/risc-v embedded gcc/bin/../lib/gcc/riscv-none-embed/8.2.0/../../../../riscv-none-embed/lib/rv32imafc/ilp32f\libg_nano.a(lib_a-mprec.o)
                0x0000000000010d02                __pow5mult
 .text.__lshift
                0x0000000000010dc0       0xce d:/software_use/mounriverstudio/mounriver_studio/toolchain/risc-v embedded gcc/bin/../lib/gcc/riscv-none-embed/8.2.0/../../../../riscv-none-embed/lib/rv32imafc/ilp32f\libg_nano.a(lib_a-mprec.o)
                0x0000000000010dc0                __lshift
 .text.__mcmp   0x0000000000010e8e       0x32 d:/software_use/mounriverstudio/mounriver_studio/toolchain/risc-v embedded gcc/bin/../lib/gcc/riscv-none-embed/8.2.0/../../../../riscv-none-embed/lib/rv32imafc/ilp32f\libg_nano.a(lib_a-mprec.o)
                0x0000000000010e8e                __mcmp
 .text.__mdiff  0x0000000000010ec0       0xf2 d:/software_use/mounriverstudio/mounriver_studio/toolchain/risc-v embedded gcc/bin/../lib/gcc/riscv-none-embed/8.2.0/../../../../riscv-none-embed/lib/rv32imafc/ilp32f\libg_nano.a(lib_a-mprec.o)
                0x0000000000010ec0                __mdiff
 .text.__d2b    0x0000000000010fb2       0xd4 d:/software_use/mounriverstudio/mounriver_studio/toolchain/risc-v embedded gcc/bin/../lib/gcc/riscv-none-embed/8.2.0/../../../../riscv-none-embed/lib/rv32imafc/ilp32f\libg_nano.a(lib_a-mprec.o)
                0x0000000000010fb2                __d2b
 .text._calloc_r
                0x0000000000011086       0x28 d:/software_use/mounriverstudio/mounriver_studio/toolchain/risc-v embedded gcc/bin/../lib/gcc/riscv-none-embed/8.2.0/../../../../riscv-none-embed/lib/rv32imafc/ilp32f\libg_nano.a(lib_a-nano-callocr.o)
                0x0000000000011086                _calloc_r
 .text.__ssputs_r
                0x00000000000110ae       0xee d:/software_use/mounriverstudio/mounriver_studio/toolchain/risc-v embedded gcc/bin/../lib/gcc/riscv-none-embed/8.2.0/../../../../riscv-none-embed/lib/rv32imafc/ilp32f\libg_nano.a(lib_a-nano-svfprintf.o)
                0x00000000000110ae                __ssputs_r
 .text._svfprintf_r
                0x000000000001119c      0x27e d:/software_use/mounriverstudio/mounriver_studio/toolchain/risc-v embedded gcc/bin/../lib/gcc/riscv-none-embed/8.2.0/../../../../riscv-none-embed/lib/rv32imafc/ilp32f\libg_nano.a(lib_a-nano-svfprintf.o)
                0x000000000001119c                _svfiprintf_r
                0x000000000001119c                _svfprintf_r
 .text.__sfputc_r
                0x000000000001141a       0x28 d:/software_use/mounriverstudio/mounriver_studio/toolchain/risc-v embedded gcc/bin/../lib/gcc/riscv-none-embed/8.2.0/../../../../riscv-none-embed/lib/rv32imafc/ilp32f\libg_nano.a(lib_a-nano-vfprintf.o)
 .text.__sfputs_r
                0x0000000000011442       0x44 d:/software_use/mounriverstudio/mounriver_studio/toolchain/risc-v embedded gcc/bin/../lib/gcc/riscv-none-embed/8.2.0/../../../../riscv-none-embed/lib/rv32imafc/ilp32f\libg_nano.a(lib_a-nano-vfprintf.o)
                0x0000000000011442                __sfputs_r
 .text._vfprintf_r
                0x0000000000011486      0x29e d:/software_use/mounriverstudio/mounriver_studio/toolchain/risc-v embedded gcc/bin/../lib/gcc/riscv-none-embed/8.2.0/../../../../riscv-none-embed/lib/rv32imafc/ilp32f\libg_nano.a(lib_a-nano-vfprintf.o)
                0x0000000000011486                _vfprintf_r
                0x0000000000011486                _vfiprintf_r
 .text.__sread  0x0000000000011724       0x30 d:/software_use/mounriverstudio/mounriver_studio/toolchain/risc-v embedded gcc/bin/../lib/gcc/riscv-none-embed/8.2.0/../../../../riscv-none-embed/lib/rv32imafc/ilp32f\libg_nano.a(lib_a-stdio.o)
                0x0000000000011724                __sread
 .text.__swrite
                0x0000000000011754       0x4e d:/software_use/mounriverstudio/mounriver_studio/toolchain/risc-v embedded gcc/bin/../lib/gcc/riscv-none-embed/8.2.0/../../../../riscv-none-embed/lib/rv32imafc/ilp32f\libg_nano.a(lib_a-stdio.o)
                0x0000000000011754                __swrite
 .text.__sseek  0x00000000000117a2       0x36 d:/software_use/mounriverstudio/mounriver_studio/toolchain/risc-v embedded gcc/bin/../lib/gcc/riscv-none-embed/8.2.0/../../../../riscv-none-embed/lib/rv32imafc/ilp32f\libg_nano.a(lib_a-stdio.o)
                0x00000000000117a2                __sseek
 .text.__sclose
                0x00000000000117d8        0x6 d:/software_use/mounriverstudio/mounriver_studio/toolchain/risc-v embedded gcc/bin/../lib/gcc/riscv-none-embed/8.2.0/../../../../riscv-none-embed/lib/rv32imafc/ilp32f\libg_nano.a(lib_a-stdio.o)
                0x00000000000117d8                __sclose
 .text.__swbuf_r
                0x00000000000117de       0xc2 d:/software_use/mounriverstudio/mounriver_studio/toolchain/risc-v embedded gcc/bin/../lib/gcc/riscv-none-embed/8.2.0/../../../../riscv-none-embed/lib/rv32imafc/ilp32f\libg_nano.a(lib_a-wbuf.o)
                0x00000000000117de                __swbuf_r
 .text._write_r
                0x00000000000118a0       0x2e d:/software_use/mounriverstudio/mounriver_studio/toolchain/risc-v embedded gcc/bin/../lib/gcc/riscv-none-embed/8.2.0/../../../../riscv-none-embed/lib/rv32imafc/ilp32f\libg_nano.a(lib_a-writer.o)
                0x00000000000118a0                _write_r
 .text.__swsetup_r
                0x00000000000118ce      0x110 d:/software_use/mounriverstudio/mounriver_studio/toolchain/risc-v embedded gcc/bin/../lib/gcc/riscv-none-embed/8.2.0/../../../../riscv-none-embed/lib/rv32imafc/ilp32f\libg_nano.a(lib_a-wsetup.o)
                0x00000000000118ce                __swsetup_r
 .text._close_r
                0x00000000000119de       0x2a d:/software_use/mounriverstudio/mounriver_studio/toolchain/risc-v embedded gcc/bin/../lib/gcc/riscv-none-embed/8.2.0/../../../../riscv-none-embed/lib/rv32imafc/ilp32f\libg_nano.a(lib_a-closer.o)
                0x00000000000119de                _close_r
 .text.__sflush_r
                0x0000000000011a08      0x13e d:/software_use/mounriverstudio/mounriver_studio/toolchain/risc-v embedded gcc/bin/../lib/gcc/riscv-none-embed/8.2.0/../../../../riscv-none-embed/lib/rv32imafc/ilp32f\libg_nano.a(lib_a-fflush.o)
                0x0000000000011a08                __sflush_r
 .text._fflush_r
                0x0000000000011b46       0x68 d:/software_use/mounriverstudio/mounriver_studio/toolchain/risc-v embedded gcc/bin/../lib/gcc/riscv-none-embed/8.2.0/../../../../riscv-none-embed/lib/rv32imafc/ilp32f\libg_nano.a(lib_a-fflush.o)
                0x0000000000011b46                _fflush_r
 .text._lseek_r
                0x0000000000011bae       0x2c d:/software_use/mounriverstudio/mounriver_studio/toolchain/risc-v embedded gcc/bin/../lib/gcc/riscv-none-embed/8.2.0/../../../../riscv-none-embed/lib/rv32imafc/ilp32f\libg_nano.a(lib_a-lseekr.o)
                0x0000000000011bae                _lseek_r
 .text.__swhatbuf_r
                0x0000000000011bda       0x58 d:/software_use/mounriverstudio/mounriver_studio/toolchain/risc-v embedded gcc/bin/../lib/gcc/riscv-none-embed/8.2.0/../../../../riscv-none-embed/lib/rv32imafc/ilp32f\libg_nano.a(lib_a-makebuf.o)
                0x0000000000011bda                __swhatbuf_r
 .text.__smakebuf_r
                0x0000000000011c32       0xa0 d:/software_use/mounriverstudio/mounriver_studio/toolchain/risc-v embedded gcc/bin/../lib/gcc/riscv-none-embed/8.2.0/../../../../riscv-none-embed/lib/rv32imafc/ilp32f\libg_nano.a(lib_a-makebuf.o)
                0x0000000000011c32                __smakebuf_r
 .text.__ascii_mbtowc
                0x0000000000011cd2       0x3a d:/software_use/mounriverstudio/mounriver_studio/toolchain/risc-v embedded gcc/bin/../lib/gcc/riscv-none-embed/8.2.0/../../../../riscv-none-embed/lib/rv32imafc/ilp32f\libg_nano.a(lib_a-mbtowc_r.o)
                0x0000000000011cd2                __ascii_mbtowc
 .text.memmove  0x0000000000011d0c       0x4a d:/software_use/mounriverstudio/mounriver_studio/toolchain/risc-v embedded gcc/bin/../lib/gcc/riscv-none-embed/8.2.0/../../../../riscv-none-embed/lib/rv32imafc/ilp32f\libg_nano.a(lib_a-memmove.o)
                0x0000000000011d0c                memmove
 .text._realloc_r
                0x0000000000011d56       0x58 d:/software_use/mounriverstudio/mounriver_studio/toolchain/risc-v embedded gcc/bin/../lib/gcc/riscv-none-embed/8.2.0/../../../../riscv-none-embed/lib/rv32imafc/ilp32f\libg_nano.a(lib_a-nano-reallocr.o)
                0x0000000000011d56                _realloc_r
 .text._read_r  0x0000000000011dae       0x2c d:/software_use/mounriverstudio/mounriver_studio/toolchain/risc-v embedded gcc/bin/../lib/gcc/riscv-none-embed/8.2.0/../../../../riscv-none-embed/lib/rv32imafc/ilp32f\libg_nano.a(lib_a-readr.o)
                0x0000000000011dae                _read_r
 .text.__ascii_wctomb
                0x0000000000011dda       0x20 d:/software_use/mounriverstudio/mounriver_studio/toolchain/risc-v embedded gcc/bin/../lib/gcc/riscv-none-embed/8.2.0/../../../../riscv-none-embed/lib/rv32imafc/ilp32f\libg_nano.a(lib_a-wctomb_r.o)
                0x0000000000011dda                __ascii_wctomb
 .text._fstat_r
                0x0000000000011dfa       0x2a d:/software_use/mounriverstudio/mounriver_studio/toolchain/risc-v embedded gcc/bin/../lib/gcc/riscv-none-embed/8.2.0/../../../../riscv-none-embed/lib/rv32imafc/ilp32f\libg_nano.a(lib_a-fstatr.o)
                0x0000000000011dfa                _fstat_r
 .text._isatty_r
                0x0000000000011e24       0x28 d:/software_use/mounriverstudio/mounriver_studio/toolchain/risc-v embedded gcc/bin/../lib/gcc/riscv-none-embed/8.2.0/../../../../riscv-none-embed/lib/rv32imafc/ilp32f\libg_nano.a(lib_a-isattyr.o)
                0x0000000000011e24                _isatty_r
 .text._malloc_usable_size_r
                0x0000000000011e4c       0x14 d:/software_use/mounriverstudio/mounriver_studio/toolchain/risc-v embedded gcc/bin/../lib/gcc/riscv-none-embed/8.2.0/../../../../riscv-none-embed/lib/rv32imafc/ilp32f\libg_nano.a(lib_a-nano-msizer.o)
                0x0000000000011e4c                _malloc_usable_size_r
 .text.__trunctfdf2
                0x0000000000011e60      0x3d0 d:/software_use/mounriverstudio/mounriver_studio/toolchain/risc-v embedded gcc/bin/../lib/gcc/riscv-none-embed/8.2.0/rv32imafc/ilp32f\libgcc.a(trunctfdf2.o)
                0x0000000000011e60                __trunctfdf2
 .text._close   0x0000000000012230        0xc d:/software_use/mounriverstudio/mounriver_studio/toolchain/risc-v embedded gcc/bin/../lib/gcc/riscv-none-embed/8.2.0/../../../../riscv-none-embed/lib/rv32imafc/ilp32f\libnosys.a(close.o)
                0x0000000000012230                _close
 .text._fstat   0x000000000001223c        0xc d:/software_use/mounriverstudio/mounriver_studio/toolchain/risc-v embedded gcc/bin/../lib/gcc/riscv-none-embed/8.2.0/../../../../riscv-none-embed/lib/rv32imafc/ilp32f\libnosys.a(fstat.o)
                0x000000000001223c                _fstat
 .text._isatty  0x0000000000012248        0xc d:/software_use/mounriverstudio/mounriver_studio/toolchain/risc-v embedded gcc/bin/../lib/gcc/riscv-none-embed/8.2.0/../../../../riscv-none-embed/lib/rv32imafc/ilp32f\libnosys.a(isatty.o)
                0x0000000000012248                _isatty
 .text._lseek   0x0000000000012254        0xc d:/software_use/mounriverstudio/mounriver_studio/toolchain/risc-v embedded gcc/bin/../lib/gcc/riscv-none-embed/8.2.0/../../../../riscv-none-embed/lib/rv32imafc/ilp32f\libnosys.a(lseek.o)
                0x0000000000012254                _lseek
 .text._read    0x0000000000012260        0xc d:/software_use/mounriverstudio/mounriver_studio/toolchain/risc-v embedded gcc/bin/../lib/gcc/riscv-none-embed/8.2.0/../../../../riscv-none-embed/lib/rv32imafc/ilp32f\libnosys.a(read.o)
                0x0000000000012260                _read
 .text._sbrk    0x000000000001226c       0x20 d:/software_use/mounriverstudio/mounriver_studio/toolchain/risc-v embedded gcc/bin/../lib/gcc/riscv-none-embed/8.2.0/../../../../riscv-none-embed/lib/rv32imafc/ilp32f\libnosys.a(sbrk.o)
                0x000000000001226c                _sbrk
 *(.rodata)
 .rodata        0x000000000001228c       0x56 ./zf_driver/zf_driver_adc.o
 *fill*         0x00000000000122e2        0x2 
 .rodata        0x00000000000122e4       0x56 ./zf_driver/zf_driver_pwm.o
 *fill*         0x000000000001233a        0x2 
 .rodata        0x000000000001233c       0x56 ./zf_driver/zf_driver_spi.o
 *fill*         0x0000000000012392        0x2 
 .rodata        0x0000000000012394       0x58 ./zf_driver/zf_driver_timer.o
 .rodata        0x00000000000123ec       0x57 ./zf_driver/zf_driver_uart.o
 *fill*         0x0000000000012443        0x5 
 .rodata        0x0000000000012448        0x8 ./zf_device/zf_device_dm1xa.o
 .rodata        0x0000000000012450       0xf0 ./zf_device/zf_device_gnss.o
 .rodata        0x0000000000012540       0x70 ./zf_device/zf_device_ips114.o
 .rodata        0x00000000000125b0       0x78 ./zf_common/zf_common_debug.o
 .rodata        0x0000000000012628       0x57 ./zf_common/zf_common_fifo.o
 *fill*         0x000000000001267f        0x1 
 .rodata        0x0000000000012680       0x98 ./zf_common/zf_common_function.o
 .rodata        0x0000000000012718       0x4c ./user_c/main.o
 .rodata        0x0000000000012764       0x41 ./sdk/Peripheral/ch32v30x_usbotg_device.o
 *fill*         0x00000000000127a5        0x3 
 .rodata        0x00000000000127a8       0x18 ./code/AS5600.o
 .rodata        0x00000000000127c0       0x38 ./code/FOC.o
 *(.rodata*)
 .rodata.pwm_set_duty
                0x00000000000127f8       0x28 ./zf_driver/zf_driver_pwm.o
 .rodata.pwm_set_freq
                0x0000000000012820       0x28 ./zf_driver/zf_driver_pwm.o
 .rodata.pwm_init
                0x0000000000012848       0x28 ./zf_driver/zf_driver_pwm.o
 .rodata.spi_index
                0x0000000000012870        0xc ./zf_driver/zf_driver_spi.o
                0x0000000000012870                spi_index
 .rodata.timer_start
                0x000000000001287c       0x28 ./zf_driver/zf_driver_timer.o
 .rodata.timer_get
                0x00000000000128a4       0x28 ./zf_driver/zf_driver_timer.o
 .rodata.timer_clear
                0x00000000000128cc       0x28 ./zf_driver/zf_driver_timer.o
 .rodata.timer_init
                0x00000000000128f4       0x28 ./zf_driver/zf_driver_timer.o
 .rodata.uart_index
                0x000000000001291c       0x20 ./zf_driver/zf_driver_uart.o
                0x000000000001291c                uart_index
 .rodata.ascii_font_8x16
                0x000000000001293c      0x5f0 ./zf_common/zf_common_font.o
                0x000000000001293c                ascii_font_8x16
 .rodata.ascii_font_6x8
                0x0000000000012f2c      0x228 ./zf_common/zf_common_font.o
                0x0000000000012f2c                ascii_font_6x8
 .rodata.MyDevDescrHD
                0x0000000000013154       0x12 ./sdk/Peripheral/ch32v30x_usbotg_device.o
                0x0000000000013154                MyDevDescrHD
 *fill*         0x0000000000013166        0x2 
 .rodata.MyCfgDescrHD
                0x0000000000013168       0x43 ./sdk/Peripheral/ch32v30x_usbotg_device.o
                0x0000000000013168                MyCfgDescrHD
 *fill*         0x00000000000131ab        0x1 
 .rodata.MyReportDescHD
                0x00000000000131ac       0x14 ./sdk/Peripheral/ch32v30x_usbotg_device.o
                0x00000000000131ac                MyReportDescHD
 .rodata.MyManuInfoHD
                0x00000000000131c0        0xe ./sdk/Peripheral/ch32v30x_usbotg_device.o
                0x00000000000131c0                MyManuInfoHD
 *fill*         0x00000000000131ce        0x2 
 .rodata.MyProdInfoHD
                0x00000000000131d0        0xc ./sdk/Peripheral/ch32v30x_usbotg_device.o
                0x00000000000131d0                MyProdInfoHD
 .rodata.MySerNumInfoHD
                0x00000000000131dc       0x16 ./sdk/Peripheral/ch32v30x_usbotg_device.o
                0x00000000000131dc                MySerNumInfoHD
 *fill*         0x00000000000131f2        0x2 
 .rodata.MyUSBQUADescHD
                0x00000000000131f4        0xa ./sdk/Peripheral/ch32v30x_usbotg_device.o
                0x00000000000131f4                MyUSBQUADescHD
 *fill*         0x00000000000131fe        0x2 
 .rodata.OTG_FS_IRQHandler
                0x0000000000013200       0xbc ./sdk/Peripheral/ch32v30x_usbotg_device.o
 .rodata.fmod.str1.4
                0x00000000000132bc        0x5 d:/software_use/mounriverstudio/mounriver_studio/toolchain/risc-v embedded gcc/bin/../lib/gcc/riscv-none-embed/8.2.0/../../../../riscv-none-embed/lib/rv32imafc/ilp32f\libm.a(lib_a-w_fmod.o)
 *fill*         0x00000000000132c1        0x7 
 .rodata.Zero   0x00000000000132c8       0x10 d:/software_use/mounriverstudio/mounriver_studio/toolchain/risc-v embedded gcc/bin/../lib/gcc/riscv-none-embed/8.2.0/../../../../riscv-none-embed/lib/rv32imafc/ilp32f\libm.a(lib_a-e_fmod.o)
 .rodata.__ieee754_rem_pio2.cst8
                0x00000000000132d8       0x48 d:/software_use/mounriverstudio/mounriver_studio/toolchain/risc-v embedded gcc/bin/../lib/gcc/riscv-none-embed/8.2.0/../../../../riscv-none-embed/lib/rv32imafc/ilp32f\libm.a(lib_a-e_rem_pio2.o)
 .rodata.npio2_hw
                0x0000000000013320       0x80 d:/software_use/mounriverstudio/mounriver_studio/toolchain/risc-v embedded gcc/bin/../lib/gcc/riscv-none-embed/8.2.0/../../../../riscv-none-embed/lib/rv32imafc/ilp32f\libm.a(lib_a-e_rem_pio2.o)
 .rodata.two_over_pi
                0x00000000000133a0      0x108 d:/software_use/mounriverstudio/mounriver_studio/toolchain/risc-v embedded gcc/bin/../lib/gcc/riscv-none-embed/8.2.0/../../../../riscv-none-embed/lib/rv32imafc/ilp32f\libm.a(lib_a-e_rem_pio2.o)
 .rodata.__kernel_cos.cst8
                0x00000000000134a8       0x48 d:/software_use/mounriverstudio/mounriver_studio/toolchain/risc-v embedded gcc/bin/../lib/gcc/riscv-none-embed/8.2.0/../../../../riscv-none-embed/lib/rv32imafc/ilp32f\libm.a(lib_a-k_cos.o)
                                         0x50 (size before relaxing)
 .rodata.PIo2   0x00000000000134f0       0x40 d:/software_use/mounriverstudio/mounriver_studio/toolchain/risc-v embedded gcc/bin/../lib/gcc/riscv-none-embed/8.2.0/../../../../riscv-none-embed/lib/rv32imafc/ilp32f\libm.a(lib_a-k_rem_pio2.o)
 .rodata.__kernel_rem_pio2.cst8
                0x0000000000013530       0x20 d:/software_use/mounriverstudio/mounriver_studio/toolchain/risc-v embedded gcc/bin/../lib/gcc/riscv-none-embed/8.2.0/../../../../riscv-none-embed/lib/rv32imafc/ilp32f\libm.a(lib_a-k_rem_pio2.o)
                                         0x38 (size before relaxing)
 .rodata.init_jk
                0x0000000000013550       0x10 d:/software_use/mounriverstudio/mounriver_studio/toolchain/risc-v embedded gcc/bin/../lib/gcc/riscv-none-embed/8.2.0/../../../../riscv-none-embed/lib/rv32imafc/ilp32f\libm.a(lib_a-k_rem_pio2.o)
 .rodata.__kernel_sin.cst8
                0x0000000000013560       0x30 d:/software_use/mounriverstudio/mounriver_studio/toolchain/risc-v embedded gcc/bin/../lib/gcc/riscv-none-embed/8.2.0/../../../../riscv-none-embed/lib/rv32imafc/ilp32f\libm.a(lib_a-k_sin.o)
                                         0x38 (size before relaxing)
 .rodata.floor.cst8
                0x0000000000013590        0x8 d:/software_use/mounriverstudio/mounriver_studio/toolchain/risc-v embedded gcc/bin/../lib/gcc/riscv-none-embed/8.2.0/../../../../riscv-none-embed/lib/rv32imafc/ilp32f\libm.a(lib_a-s_floor.o)
 .rodata.scalbn.cst8
                0x0000000000013598       0x18 d:/software_use/mounriverstudio/mounriver_studio/toolchain/risc-v embedded gcc/bin/../lib/gcc/riscv-none-embed/8.2.0/../../../../riscv-none-embed/lib/rv32imafc/ilp32f\libm.a(lib_a-s_scalbn.o)
                                         0x20 (size before relaxing)
 .rodata.__divdf3
                0x00000000000135b0       0x40 d:/software_use/mounriverstudio/mounriver_studio/toolchain/risc-v embedded gcc/bin/../lib/gcc/riscv-none-embed/8.2.0/rv32imafc/ilp32f\libgcc.a(divdf3.o)
 .rodata.__muldf3
                0x00000000000135f0       0x40 d:/software_use/mounriverstudio/mounriver_studio/toolchain/risc-v embedded gcc/bin/../lib/gcc/riscv-none-embed/8.2.0/rv32imafc/ilp32f\libgcc.a(muldf3.o)
 .rodata.__clz_tab
                0x0000000000013630      0x100 d:/software_use/mounriverstudio/mounriver_studio/toolchain/risc-v embedded gcc/bin/../lib/gcc/riscv-none-embed/8.2.0/rv32imafc/ilp32f\libgcc.a(_clz.o)
                0x0000000000013630                __clz_tab
 .rodata._printf_float.cst8
                0x0000000000013730        0x8 d:/software_use/mounriverstudio/mounriver_studio/toolchain/risc-v embedded gcc/bin/../lib/gcc/riscv-none-embed/8.2.0/../../../../riscv-none-embed/lib/rv32imafc/ilp32f\libg_nano.a(lib_a-nano-vfprintf_float.o)
 .rodata._printf_float.str1.4
                0x0000000000013738       0x12 d:/software_use/mounriverstudio/mounriver_studio/toolchain/risc-v embedded gcc/bin/../lib/gcc/riscv-none-embed/8.2.0/../../../../riscv-none-embed/lib/rv32imafc/ilp32f\libg_nano.a(lib_a-nano-vfprintf_float.o)
 *fill*         0x000000000001374a        0x2 
 .rodata._printf_i.str1.4
                0x000000000001374c       0x25 d:/software_use/mounriverstudio/mounriver_studio/toolchain/risc-v embedded gcc/bin/../lib/gcc/riscv-none-embed/8.2.0/../../../../riscv-none-embed/lib/rv32imafc/ilp32f\libg_nano.a(lib_a-nano-vfprintf_i.o)
 *fill*         0x0000000000013771        0x7 
 .rodata._dtoa_r.cst8
                0x0000000000013778       0x38 d:/software_use/mounriverstudio/mounriver_studio/toolchain/risc-v embedded gcc/bin/../lib/gcc/riscv-none-embed/8.2.0/../../../../riscv-none-embed/lib/rv32imafc/ilp32f\libg_nano.a(lib_a-dtoa.o)
                                         0x48 (size before relaxing)
 .rodata._dtoa_r.str1.4
                0x00000000000137b0       0x10 d:/software_use/mounriverstudio/mounriver_studio/toolchain/risc-v embedded gcc/bin/../lib/gcc/riscv-none-embed/8.2.0/../../../../riscv-none-embed/lib/rv32imafc/ilp32f\libg_nano.a(lib_a-dtoa.o)
                                         0x12 (size before relaxing)
 .rodata.__sf_fake_stderr
                0x00000000000137c0       0x20 d:/software_use/mounriverstudio/mounriver_studio/toolchain/risc-v embedded gcc/bin/../lib/gcc/riscv-none-embed/8.2.0/../../../../riscv-none-embed/lib/rv32imafc/ilp32f\libg_nano.a(lib_a-findfp.o)
                0x00000000000137c0                __sf_fake_stderr
 .rodata.__sf_fake_stdin
                0x00000000000137e0       0x20 d:/software_use/mounriverstudio/mounriver_studio/toolchain/risc-v embedded gcc/bin/../lib/gcc/riscv-none-embed/8.2.0/../../../../riscv-none-embed/lib/rv32imafc/ilp32f\libg_nano.a(lib_a-findfp.o)
                0x00000000000137e0                __sf_fake_stdin
 .rodata.__sf_fake_stdout
                0x0000000000013800       0x20 d:/software_use/mounriverstudio/mounriver_studio/toolchain/risc-v embedded gcc/bin/../lib/gcc/riscv-none-embed/8.2.0/../../../../riscv-none-embed/lib/rv32imafc/ilp32f\libg_nano.a(lib_a-findfp.o)
                0x0000000000013800                __sf_fake_stdout
 .rodata.__mprec_bigtens
                0x0000000000013820       0x28 d:/software_use/mounriverstudio/mounriver_studio/toolchain/risc-v embedded gcc/bin/../lib/gcc/riscv-none-embed/8.2.0/../../../../riscv-none-embed/lib/rv32imafc/ilp32f\libg_nano.a(lib_a-mprec.o)
                0x0000000000013820                __mprec_bigtens
 .rodata.__mprec_tens
                0x0000000000013848       0xc8 d:/software_use/mounriverstudio/mounriver_studio/toolchain/risc-v embedded gcc/bin/../lib/gcc/riscv-none-embed/8.2.0/../../../../riscv-none-embed/lib/rv32imafc/ilp32f\libg_nano.a(lib_a-mprec.o)
                0x0000000000013848                __mprec_tens
 .rodata.p05.3321
                0x0000000000013910        0xc d:/software_use/mounriverstudio/mounriver_studio/toolchain/risc-v embedded gcc/bin/../lib/gcc/riscv-none-embed/8.2.0/../../../../riscv-none-embed/lib/rv32imafc/ilp32f\libg_nano.a(lib_a-mprec.o)
 .rodata._svfprintf_r.str1.4
                0x000000000001391c       0x13 d:/software_use/mounriverstudio/mounriver_studio/toolchain/risc-v embedded gcc/bin/../lib/gcc/riscv-none-embed/8.2.0/../../../../riscv-none-embed/lib/rv32imafc/ilp32f\libg_nano.a(lib_a-nano-svfprintf.o)
 .rodata._vfprintf_r.str1.4
                0x000000000001392f       0x13 d:/software_use/mounriverstudio/mounriver_studio/toolchain/risc-v embedded gcc/bin/../lib/gcc/riscv-none-embed/8.2.0/../../../../riscv-none-embed/lib/rv32imafc/ilp32f\libg_nano.a(lib_a-nano-vfprintf.o)
 *fill*         0x000000000001392f        0x1 
 .rodata._setlocale_r.str1.4
                0x0000000000013930        0xa d:/software_use/mounriverstudio/mounriver_studio/toolchain/risc-v embedded gcc/bin/../lib/gcc/riscv-none-embed/8.2.0/../../../../riscv-none-embed/lib/rv32imafc/ilp32f\libg_nano.a(lib_a-locale.o)
                                          0xd (size before relaxing)
 *fill*         0x000000000001393a        0x2 
 .rodata.str1.4
                0x000000000001393c        0x4 d:/software_use/mounriverstudio/mounriver_studio/toolchain/risc-v embedded gcc/bin/../lib/gcc/riscv-none-embed/8.2.0/../../../../riscv-none-embed/lib/rv32imafc/ilp32f\libg_nano.a(lib_a-locale.o)
                                          0x2 (size before relaxing)
 .rodata._ctype_
                0x0000000000013940      0x101 d:/software_use/mounriverstudio/mounriver_studio/toolchain/risc-v embedded gcc/bin/../lib/gcc/riscv-none-embed/8.2.0/../../../../riscv-none-embed/lib/rv32imafc/ilp32f\libg_nano.a(lib_a-ctype_.o)
                0x0000000000013940                _ctype_
 *(.glue_7)
 *(.glue_7t)
 *(.gnu.linkonce.t.*)
                0x0000000000013a44                . = ALIGN (0x4)
 *fill*         0x0000000000013a41        0x3 

.rela.dyn       0x0000000000013a44        0x0
 .rela.init     0x0000000000013a44        0x0 ./zf_driver/zf_driver_adc.o
 .rela.vector   0x0000000000013a44        0x0 ./zf_driver/zf_driver_adc.o
 .rela.text.handle_reset
                0x0000000000013a44        0x0 ./zf_driver/zf_driver_adc.o
 .rela.text._sbrk_r
                0x0000000000013a44        0x0 ./zf_driver/zf_driver_adc.o
 .rela.text._svfprintf_r
                0x0000000000013a44        0x0 ./zf_driver/zf_driver_adc.o
 .rela.text._vfprintf_r
                0x0000000000013a44        0x0 ./zf_driver/zf_driver_adc.o
 .rela.text._write_r
                0x0000000000013a44        0x0 ./zf_driver/zf_driver_adc.o
 .rela.text._close_r
                0x0000000000013a44        0x0 ./zf_driver/zf_driver_adc.o
 .rela.text._lseek_r
                0x0000000000013a44        0x0 ./zf_driver/zf_driver_adc.o
 .rela.text._read_r
                0x0000000000013a44        0x0 ./zf_driver/zf_driver_adc.o
 .rela.text._fstat_r
                0x0000000000013a44        0x0 ./zf_driver/zf_driver_adc.o
 .rela.text._isatty_r
                0x0000000000013a44        0x0 ./zf_driver/zf_driver_adc.o
 .rela.text._close
                0x0000000000013a44        0x0 ./zf_driver/zf_driver_adc.o
 .rela.text._fstat
                0x0000000000013a44        0x0 ./zf_driver/zf_driver_adc.o
 .rela.text._isatty
                0x0000000000013a44        0x0 ./zf_driver/zf_driver_adc.o
 .rela.text._lseek
                0x0000000000013a44        0x0 ./zf_driver/zf_driver_adc.o
 .rela.text._read
                0x0000000000013a44        0x0 ./zf_driver/zf_driver_adc.o
 .rela.text._sbrk
                0x0000000000013a44        0x0 ./zf_driver/zf_driver_adc.o

.fini           0x0000000000013a44        0x0
 *(SORT_NONE(.fini))
                0x0000000000013a44                . = ALIGN (0x4)
                [!provide]                        PROVIDE (_etext = .)
                [!provide]                        PROVIDE (_eitcm = .)

.preinit_array  0x0000000000013a44        0x0
                [!provide]                        PROVIDE (__preinit_array_start = .)
 *(.preinit_array)
                [!provide]                        PROVIDE (__preinit_array_end = .)

.init_array     0x0000000000013a44        0x0
                [!provide]                        PROVIDE (__init_array_start = .)
 *(SORT_BY_INIT_PRIORITY(.init_array.*) SORT_BY_INIT_PRIORITY(.ctors.*))
 *(.init_array EXCLUDE_FILE(*crtend?.o *crtend.o *crtbegin?.o *crtbegin.o) .ctors)
                [!provide]                        PROVIDE (__init_array_end = .)

.fini_array     0x0000000000013a44        0x0
                [!provide]                        PROVIDE (__fini_array_start = .)
 *(SORT_BY_INIT_PRIORITY(.fini_array.*) SORT_BY_INIT_PRIORITY(.dtors.*))
 *(.fini_array EXCLUDE_FILE(*crtend?.o *crtend.o *crtbegin?.o *crtbegin.o) .dtors)
                [!provide]                        PROVIDE (__fini_array_end = .)

.ctors
 *crtbegin.o(.ctors)
 *crtbegin?.o(.ctors)
 *(EXCLUDE_FILE(*crtend?.o *crtend.o) .ctors)
 *(SORT_BY_NAME(.ctors.*))
 *(.ctors)

.dtors
 *crtbegin.o(.dtors)
 *crtbegin?.o(.dtors)
 *(EXCLUDE_FILE(*crtend?.o *crtend.o) .dtors)
 *(SORT_BY_NAME(.dtors.*))
 *(.dtors)

.dalign         0x0000000020000040        0x0 load address 0x0000000000013a44
                0x0000000020000040                . = ALIGN (0x4)
                0x0000000020000040                PROVIDE (_data_vma = .)

.dlalign        0x0000000000013a44        0x0
                0x0000000000013a44                . = ALIGN (0x4)
                0x0000000000013a44                PROVIDE (_data_lma = .)

.data           0x0000000020000040      0x290 load address 0x0000000000013a44
 *(.gnu.linkonce.r.*)
 *(.data .data.*)
 .data.gpio_group
                0x0000000020000040       0x14 ./zf_driver/zf_driver_gpio.o
                0x0000000020000040                gpio_group
 .data.APBAHBPrescTable
                0x0000000020000054       0x10 ./sdk/Peripheral/ch32v30x_rcc.o
 .data.TAB_USB_FS_OSC_DESC
                0x0000000020000064       0x43 ./sdk/Peripheral/ch32v30x_usbotg_device.o
                0x0000000020000064                TAB_USB_FS_OSC_DESC
 *fill*         0x00000000200000a7        0x1 
 .data.impure_data
                0x00000000200000a8       0x60 d:/software_use/mounriverstudio/mounriver_studio/toolchain/risc-v embedded gcc/bin/../lib/gcc/riscv-none-embed/8.2.0/../../../../riscv-none-embed/lib/rv32imafc/ilp32f\libg_nano.a(lib_a-impure.o)
 .data.__global_locale
                0x0000000020000108      0x16c d:/software_use/mounriverstudio/mounriver_studio/toolchain/risc-v embedded gcc/bin/../lib/gcc/riscv-none-embed/8.2.0/../../../../riscv-none-embed/lib/rv32imafc/ilp32f\libg_nano.a(lib_a-locale.o)
                0x0000000020000108                __global_locale
 *(.gnu.linkonce.d.*)
                0x0000000020000278                . = ALIGN (0x8)
 *fill*         0x0000000020000274        0x4 
                0x0000000020000a78                PROVIDE (__global_pointer$ = (. + 0x800))
 *(.sdata .sdata.*)
 .sdata.adc_index
                0x0000000020000278        0x8 ./zf_driver/zf_driver_adc.o
 .sdata.dm1xa_distance_mm
                0x0000000020000280        0x2 ./zf_device/zf_device_dm1xa.o
 .sdata.ips114_pencolor
                0x0000000020000282        0x2 ./zf_device/zf_device_ips114.o
 .sdata.ips114_display_font
                0x0000000020000284        0x4 ./zf_device/zf_device_ips114.o
 .sdata.ips114_x_max
                0x0000000020000288        0x1 ./zf_device/zf_device_ips114.o
 .sdata.ips114_y_max
                0x0000000020000289        0x1 ./zf_device/zf_device_ips114.o
 *fill*         0x000000002000028a        0x2 
 .sdata.camera_uart_handler
                0x000000002000028c        0x4 ./zf_device/zf_device_type.o
                0x000000002000028c                camera_uart_handler
 .sdata.camera_dvp_handler
                0x0000000020000290        0x4 ./zf_device/zf_device_type.o
                0x0000000020000290                camera_dvp_handler
 .sdata.wireless_module_uart_handler
                0x0000000020000294        0x4 ./zf_device/zf_device_type.o
                0x0000000020000294                wireless_module_uart_handler
 .sdata.tof_module_exti_handler
                0x0000000020000298        0x4 ./zf_device/zf_device_type.o
                0x0000000020000298                tof_module_exti_handler
 .sdata.system_clock
                0x000000002000029c        0x4 ./zf_common/zf_common_clock.o
                0x000000002000029c                system_clock
 .sdata.zf_debug_assert_enable
                0x00000000200002a0        0x1 ./zf_common/zf_common_debug.o
 *fill*         0x00000000200002a1        0x3 
 .sdata.ADCPrescTable
                0x00000000200002a4        0x4 ./sdk/Peripheral/ch32v30x_rcc.o
 .sdata.USBHD_Dev_Speed
                0x00000000200002a8        0x1 ./sdk/Peripheral/ch32v30x_usbotg_device.o
                0x00000000200002a8                USBHD_Dev_Speed
 *fill*         0x00000000200002a9        0x3 
 .sdata.LineCoding
                0x00000000200002ac        0x7 ./sdk/Peripheral/ch32v30x_usbotg_device.o
                0x00000000200002ac                LineCoding
 .sdata.first_run.8598
                0x00000000200002b3        0x1 ./code/AS5600.o
 .sdata.voltage_power_supply
                0x00000000200002b4        0x4 ./code/FOC.o
                0x00000000200002b4                voltage_power_supply
 .sdata.__fdlib_version
                0x00000000200002b8        0x4 d:/software_use/mounriverstudio/mounriver_studio/toolchain/risc-v embedded gcc/bin/../lib/gcc/riscv-none-embed/8.2.0/../../../../riscv-none-embed/lib/rv32imafc/ilp32f\libm.a(lib_a-s_lib_ver.o)
                0x00000000200002b8                __fdlib_version
 .sdata._impure_ptr
                0x00000000200002bc        0x4 d:/software_use/mounriverstudio/mounriver_studio/toolchain/risc-v embedded gcc/bin/../lib/gcc/riscv-none-embed/8.2.0/../../../../riscv-none-embed/lib/rv32imafc/ilp32f\libg_nano.a(lib_a-impure.o)
                0x00000000200002bc                _impure_ptr
 *(.sdata2.*)
 .sdata2.uart_irq
                0x00000000200002c0        0x8 ./zf_driver/zf_driver_uart.o
                0x00000000200002c0                uart_irq
 .sdata2.MyLangDescrHD
                0x00000000200002c8        0x4 ./sdk/Peripheral/ch32v30x_usbotg_device.o
                0x00000000200002c8                MyLangDescrHD
 .sdata2._global_impure_ptr
                0x00000000200002cc        0x4 d:/software_use/mounriverstudio/mounriver_studio/toolchain/risc-v embedded gcc/bin/../lib/gcc/riscv-none-embed/8.2.0/../../../../riscv-none-embed/lib/rv32imafc/ilp32f\libg_nano.a(lib_a-impure.o)
                0x00000000200002cc                _global_impure_ptr
 *(.gnu.linkonce.s.*)
                0x00000000200002d0                . = ALIGN (0x8)
 *(.srodata.cst16)
 *(.srodata.cst8)
 *(.srodata.cst4)
 *(.srodata.cst2)
 *(.srodata .srodata.*)
                0x00000000200002d0                . = ALIGN (0x4)
                0x00000000200002d0                PROVIDE (_edata = .)

.bss            0x00000000200002d0      0x308 load address 0x0000000000013cd4
                0x00000000200002d0                . = ALIGN (0x4)
                0x00000000200002d0                PROVIDE (_sbss = .)
 *(.sbss*)
 .sbss.adc_resolution
                0x00000000200002d0        0x2 ./zf_driver/zf_driver_adc.o
 *fill*         0x00000000200002d2        0x2 
 .sbss.dm1xa_plus_count
                0x00000000200002d4        0x4 ./zf_device/zf_device_dm1xa.o
 .sbss.dm1xa_type
                0x00000000200002d8        0x4 ./zf_device/zf_device_dm1xa.o
 .sbss.dm1xa_ranging_state
                0x00000000200002dc        0x4 ./zf_device/zf_device_dm1xa.o
 .sbss.gnss_flag
                0x00000000200002e0        0x1 ./zf_device/zf_device_gnss.o
                0x00000000200002e0                gnss_flag
 .sbss.gnss_state
                0x00000000200002e1        0x1 ./zf_device/zf_device_gnss.o
 *fill*         0x00000000200002e2        0x2 
 .sbss.gnss_gga_state
                0x00000000200002e4        0x4 ./zf_device/zf_device_gnss.o
 .sbss.gnss_rmc_state
                0x00000000200002e8        0x4 ./zf_device/zf_device_gnss.o
 .sbss.gnss_ths_state
                0x00000000200002ec        0x4 ./zf_device/zf_device_gnss.o
 .sbss.ips114_bgcolor
                0x00000000200002f0        0x2 ./zf_device/zf_device_ips114.o
 *fill*         0x00000000200002f2        0x2 